Archive member included because of file (symbol)

C:\Users\Dingyang\AppData\Local\arduino15\packages\Intel\hardware\arc32\1.0.5\variants\arduino_101\libarc32drv_arduino101.a(c_init.o)
                              (--whole-archive)
C:\Users\Dingyang\AppData\Local\arduino15\packages\Intel\hardware\arc32\1.0.5\variants\arduino_101\libarc32drv_arduino101.a(interrupt.o)
                              (--whole-archive)
C:\Users\Dingyang\AppData\Local\arduino15\packages\Intel\hardware\arc32\1.0.5\variants\arduino_101\libarc32drv_arduino101.a(version.o)
                              (--whole-archive)
C:\Users\Dingyang\AppData\Local\arduino15\packages\Intel\hardware\arc32\1.0.5\variants\arduino_101\libarc32drv_arduino101.a(arcv2_timer0.o)
                              (--whole-archive)
C:\Users\Dingyang\AppData\Local\arduino15\packages\Intel\hardware\arc32\1.0.5\variants\arduino_101\libarc32drv_arduino101.a(ipc_uart_ns16550.o)
                              (--whole-archive)
C:\Users\Dingyang\AppData\Local\arduino15\packages\Intel\hardware\arc32\1.0.5\variants\arduino_101\libarc32drv_arduino101.a(ns16550.o)
                              (--whole-archive)
C:\Users\Dingyang\AppData\Local\arduino15\packages\Intel\hardware\arc32\1.0.5\variants\arduino_101\libarc32drv_arduino101.a(soc_gpio.o)
                              (--whole-archive)
C:\Users\Dingyang\AppData\Local\arduino15\packages\Intel\hardware\arc32\1.0.5\variants\arduino_101\libarc32drv_arduino101.a(ss_dw_i2c.o)
                              (--whole-archive)
C:\Users\Dingyang\AppData\Local\arduino15\packages\Intel\hardware\arc32\1.0.5\variants\arduino_101\libarc32drv_arduino101.a(ss_gpio_iface.o)
                              (--whole-archive)
C:\Users\Dingyang\AppData\Local\arduino15\packages\Intel\hardware\arc32\1.0.5\variants\arduino_101\libarc32drv_arduino101.a(ss_i2c_iface.o)
                              (--whole-archive)
C:\Users\Dingyang\AppData\Local\arduino15\packages\Intel\hardware\arc32\1.0.5\variants\arduino_101\libarc32drv_arduino101.a(cfw_platform.o)
                              (--whole-archive)
C:\Users\Dingyang\AppData\Local\arduino15\packages\Intel\hardware\arc32\1.0.5\variants\arduino_101\libarc32drv_arduino101.a(nordic_interface.o)
                              (--whole-archive)
C:\Users\Dingyang\AppData\Local\arduino15\packages\Intel\hardware\arc32\1.0.5\variants\arduino_101\libarc32drv_arduino101.a(ble_service_gap_api.o)
                              (--whole-archive)
C:\Users\Dingyang\AppData\Local\arduino15\packages\Intel\hardware\arc32\1.0.5\variants\arduino_101\libarc32drv_arduino101.a(ble_service_gatts_api.o)
                              (--whole-archive)
C:\Users\Dingyang\AppData\Local\arduino15\packages\Intel\hardware\arc32\1.0.5\variants\arduino_101\libarc32drv_arduino101.a(ble_service_utils.o)
                              (--whole-archive)
C:\Users\Dingyang\AppData\Local\arduino15\packages\Intel\hardware\arc32\1.0.5\variants\arduino_101\libarc32drv_arduino101.a(cfw_debug.o)
                              (--whole-archive)
C:\Users\Dingyang\AppData\Local\arduino15\packages\Intel\hardware\arc32\1.0.5\variants\arduino_101\libarc32drv_arduino101.a(client_api.o)
                              (--whole-archive)
C:\Users\Dingyang\AppData\Local\arduino15\packages\Intel\hardware\arc32\1.0.5\variants\arduino_101\libarc32drv_arduino101.a(service_api.o)
                              (--whole-archive)
C:\Users\Dingyang\AppData\Local\arduino15\packages\Intel\hardware\arc32\1.0.5\variants\arduino_101\libarc32drv_arduino101.a(service_manager.o)
                              (--whole-archive)
C:\Users\Dingyang\AppData\Local\arduino15\packages\Intel\hardware\arc32\1.0.5\variants\arduino_101\libarc32drv_arduino101.a(factory_data.o)
                              (--whole-archive)
C:\Users\Dingyang\AppData\Local\arduino15\packages\Intel\hardware\arc32\1.0.5\variants\arduino_101\libarc32drv_arduino101.a(ipc.o)
                              (--whole-archive)
C:\Users\Dingyang\AppData\Local\arduino15\packages\Intel\hardware\arc32\1.0.5\variants\arduino_101\libarc32drv_arduino101.a(ipc_callback.o)
                              (--whole-archive)
C:\Users\Dingyang\AppData\Local\arduino15\packages\Intel\hardware\arc32\1.0.5\variants\arduino_101\libarc32drv_arduino101.a(log.o)
                              (--whole-archive)
C:\Users\Dingyang\AppData\Local\arduino15\packages\Intel\hardware\arc32\1.0.5\variants\arduino_101\libarc32drv_arduino101.a(log_impl_printk.o)
                              (--whole-archive)
C:\Users\Dingyang\AppData\Local\arduino15\packages\Intel\hardware\arc32\1.0.5\variants\arduino_101\libarc32drv_arduino101.a(port.o)
                              (--whole-archive)
C:\Users\Dingyang\AppData\Local\arduino15\packages\Intel\hardware\arc32\1.0.5\variants\arduino_101\libarc32drv_arduino101.a(uptime.o)
                              (--whole-archive)
[...]
Memory Configuration

Name             Origin             Length             Attributes
FLASH            0x40034000         0x00026000         xr
SRAM             0xa800e000         0x00006000         xw
DCCM             0x80000000         0x00002000         xw
*default*        0x00000000         0xffffffff

Linker script and memory map

LOAD C:\Users\Dingyang\AppData\Local\arduino15\packages\Intel\hardware\arc32\1.0.5\variants\arduino_101\libarc32drv_arduino101.a
START GROUP
LOAD C:\Users\Dingyang\AppData\Local\arduino15\packages\Intel\hardware\arc32\1.0.5\variants\arduino_101\libarc32drv_arduino101.a
LOAD c:/users/dingyang/appdata/local/arduino15/packages/intel/tools/arc-elf32/1.6.4+1.0/bin/../lib/gcc/arc-elf32/4.8.3/../../../../arc-elf32/lib\libc.a
LOAD c:/users/dingyang/appdata/local/arduino15/packages/intel/tools/arc-elf32/1.6.4+1.0/bin/../lib/gcc/arc-elf32/4.8.3/../../../../arc-elf32/lib\libm.a
LOAD c:/users/dingyang/appdata/local/arduino15/packages/intel/tools/arc-elf32/1.6.4+1.0/bin/../lib/gcc/arc-elf32/4.8.3\libgcc.a
LOAD C:\Users\Dingyang\AppData\Local\V.Micro\Arduino\Builds\servo_arm\Intel_intel_arc32_arduino_101\servo_arm.cpp.o
LOAD C:\Users\Dingyang\AppData\Local\V.Micro\Arduino\Builds\servo_arm\Intel_intel_arc32_arduino_101\CurieEEPROM\CurieEEPROM.cpp.o
LOAD C:\Users\Dingyang\AppData\Local\V.Micro\Arduino\Builds\servo_arm\Intel_intel_arc32_arduino_101\Servo\Servo.cpp.o
LOAD C:\Users\Dingyang\AppData\Local\V.Micro\Arduino\Builds\servo_arm\Intel_intel_arc32_arduino_101/core.a
                0x00000800                __stack_size = 0x800
                0x00000200                __firq_stack_size = 0x200
                0x00002000                __HEAP_SIZE_MIN = 0x2000
                0x00001000                __PAGE_SIZE = 0x1000

text            0x40034000     0x598c
                0x40034000                __text_start = .
 *(.int_vector_table)
 .int_vector_table
                0x40034000      0x110 C:\Users\Dingyang\AppData\Local\arduino15\packages\Intel\hardware\arc32\1.0.5\variants\arduino_101\libarc32drv_arduino101.a(init.o)
 *(.int_vector_table.*)
 *(.version_header)
 .version_header
                0x40034110       0x30 C:\Users\Dingyang\AppData\Local\arduino15\packages\Intel\hardware\arc32\1.0.5\variants\arduino_101\libarc32drv_arduino101.a(version.o)
                0x40034110                version_header
 *(.version_header*)
 *(.text)
 .text          0x40034140       0x70 C:\Users\Dingyang\AppData\Local\arduino15\packages\Intel\hardware\arc32\1.0.5\variants\arduino_101\libarc32drv_arduino101.a(init.o)
                0x40034168                _do_fault
                0x40034184                _do_isr
 .text          0x400341b0       0x5c c:/users/dingyang/appdata/local/arduino15/packages/intel/tools/arc-elf32/1.6.4+1.0/bin/../lib/gcc/arc-elf32/4.8.3/../../../../arc-elf32/lib\libc.a(lib_a-malloc.o)
                0x400341b0                malloc
                0x400341e0                free
 .text          0x4003420c      0xbdc c:/users/dingyang/appdata/local/arduino15/packages/intel/tools/arc-elf32/1.6.4+1.0/bin/../lib/gcc/arc-elf32/4.8.3/../../../../arc-elf32/lib\libc.a(lib_a-mallocr.o)
                0x40034508                _malloc_r
 .text          0x40034de8       0x80 c:/users/dingyang/appdata/local/arduino15/packages/intel/tools/arc-elf32/1.6.4+1.0/bin/../lib/gcc/arc-elf32/4.8.3/../../../../arc-elf32/lib\libc.a(lib_a-memcpy-700.o)
                0x40034de8                memcpy
 .text          0x40034e68       0x6c c:/users/dingyang/appdata/local/arduino15/packages/intel/tools/arc-elf32/1.6.4+1.0/bin/../lib/gcc/arc-elf32/4.8.3/../../../../arc-elf32/lib\libc.a(lib_a-memset.o)
                0x40034e68                memset
                0x40034ebc                __strncpy_bzero
 .text          0x40034ed4       0x28 c:/users/dingyang/appdata/local/arduino15/packages/intel/tools/arc-elf32/1.6.4+1.0/bin/../lib/gcc/arc-elf32/4.8.3/../../../../arc-elf32/lib\libc.a(lib_a-mlock.o)
                0x40034ed4                __malloc_lock
                0x40034ee8                __malloc_unlock
 .text          0x40034efc       0x94 c:/users/dingyang/appdata/local/arduino15/packages/intel/tools/arc-elf32/1.6.4+1.0/bin/../lib/gcc/arc-elf32/4.8.3/../../../../arc-elf32/lib\libc.a(lib_a-sbrk.o)
                0x40034efc                _sbrk_r
 .text          0x40034f90       0x88 c:/users/dingyang/appdata/local/arduino15/packages/intel/tools/arc-elf32/1.6.4+1.0/bin/../lib/gcc/arc-elf32/4.8.3/../../../../arc-elf32/lib\libc.a(lib_a-strlen.o)
                0x40034f90                strlen
 .text          0x40035018      0x5ac c:/users/dingyang/appdata/local/arduino15/packages/intel/tools/arc-elf32/1.6.4+1.0/bin/../lib/gcc/arc-elf32/4.8.3/../../../../arc-elf32/lib\libc.a(lib_a-freer.o)
                0x40035018                _free_r
                0x40035454                _malloc_trim_r
 .text          0x400355c4        0x4 c:/users/dingyang/appdata/local/arduino15/packages/intel/tools/arc-elf32/1.6.4+1.0/bin/../lib/gcc/arc-elf32/4.8.3\libgcc.a(_udivsi3.o)
                0x400355c4                __udivsi3
 .text          0x400355c8       0x10 c:/users/dingyang/appdata/local/arduino15/packages/intel/tools/arc-elf32/1.6.4+1.0/bin/../lib/gcc/arc-elf32/4.8.3\libgcc.a(_umodsi3.o)
                0x400355c8                __umodsi3
 .text          0x400355d8       0x70 c:/users/dingyang/appdata/local/arduino15/packages/intel/tools/arc-elf32/1.6.4+1.0/bin/../lib/gcc/arc-elf32/4.8.3\libgcc.a(_divmod_tools.o)
                0x400355d8                __udivmodsi4
 .text          0x40035648       0x30 c:/users/dingyang/appdata/local/arduino15/packages/intel/tools/arc-elf32/1.6.4+1.0/bin/../lib/gcc/arc-elf32/4.8.3\libgcc.a(_millicodethunk_st.o)
                0x40035648                __st_r13_to_r25
                0x4003564c                __st_r13_to_r24
                0x40035650                __st_r13_to_r23
                0x40035654                __st_r13_to_r22
                0x40035658                __st_r13_to_r21
                0x4003565c                __st_r13_to_r20
                0x40035660                __st_r13_to_r19
                0x40035664                __st_r13_to_r18
                0x40035668                __st_r13_to_r17
                0x4003566c                __st_r13_to_r16
                0x40035670                __st_r13_to_r15
 .text          0x40035678       0x30 c:/users/dingyang/appdata/local/arduino15/packages/intel/tools/arc-elf32/1.6.4+1.0/bin/../lib/gcc/arc-elf32/4.8.3\libgcc.a(_millicodethunk_ld.o)
                0x40035678                __ld_r13_to_r25
                0x4003567c                __ld_r13_to_r24
                0x40035680                __ld_r13_to_r23
                0x40035684                __ld_r13_to_r22
                0x40035688                __ld_r13_to_r21
                0x4003568c                __ld_r13_to_r20
                0x40035690                __ld_r13_to_r19
                0x40035694                __ld_r13_to_r18
                0x40035698                __ld_r13_to_r17
                0x4003569c                __ld_r13_to_r16
                0x400356a0                __ld_r13_to_r15
 .text          0x400356a8       0x3c c:/users/dingyang/appdata/local/arduino15/packages/intel/tools/arc-elf32/1.6.4+1.0/bin/../lib/gcc/arc-elf32/4.8.3\libgcc.a(_millicodethunk_ret.o)
                0x400356a8                __ld_r13_to_r25_ret
                0x400356ac                __ld_r13_to_r24_ret
                0x400356b0                __ld_r13_to_r23_ret
                0x400356b4                __ld_r13_to_r22_ret
                0x400356b8                __ld_r13_to_r21_ret
                0x400356bc                __ld_r13_to_r20_ret
                0x400356c0                __ld_r13_to_r19_ret
                0x400356c4                __ld_r13_to_r18_ret
                0x400356c8                __ld_r13_to_r17_ret
                0x400356cc                __ld_r13_to_r16_ret
                0x400356d0                __ld_r13_to_r15_ret
                0x400356d4                __ld_r13_to_r14_ret
 .text          0x400356e4       0x1c c:/users/dingyang/appdata/local/arduino15/packages/intel/tools/arc-elf32/1.6.4+1.0/bin/../lib/gcc/arc-elf32/4.8.3\libgcc.a(_divsi3.o)
                0x400356e4                __divsi3
 .text          0x40035700       0x18 c:/users/dingyang/appdata/local/arduino15/packages/intel/tools/arc-elf32/1.6.4+1.0/bin/../lib/gcc/arc-elf32/4.8.3\libgcc.a(_modsi3.o)
                0x40035700                __modsi3
 .text          0x40035718      0x4a0 c:/users/dingyang/appdata/local/arduino15/packages/intel/tools/arc-elf32/1.6.4+1.0/bin/../lib/gcc/arc-elf32/4.8.3\libgcc.a(_udivdi3.o)
                0x40035718                __udivdi3
 *(.text.*)
 .text._main    0x40035bb8       0x70 C:\Users\Dingyang\AppData\Local\arduino15\packages\Intel\hardware\arc32\1.0.5\variants\arduino_101\libarc32drv_arduino101.a(c_init.o)
                0x40035bb8                _main
 .text.interrupt_connect
                0x40035c28       0x20 C:\Users\Dingyang\AppData\Local\arduino15\packages\Intel\hardware\arc32\1.0.5\variants\arduino_101\libarc32drv_arduino101.a(interrupt.o)
                0x40035c28                interrupt_connect
 .text.interrupt_enable
                0x40035c48       0x28 C:\Users\Dingyang\AppData\Local\arduino15\packages\Intel\hardware\arc32\1.0.5\variants\arduino_101\libarc32drv_arduino101.a(interrupt.o)
                0x40035c48                interrupt_enable
 .text.interrupt_disable
                0x40035c70       0x20 C:\Users\Dingyang\AppData\Local\arduino15\packages\Intel\hardware\arc32\1.0.5\variants\arduino_101\libarc32drv_arduino101.a(interrupt.o)
                0x40035c70                interrupt_disable
 .text.interrupt_unit_device_init
                0x40035c90       0x50 C:\Users\Dingyang\AppData\Local\arduino15\packages\Intel\hardware\arc32\1.0.5\variants\arduino_101\libarc32drv_arduino101.a(interrupt.o)
                0x40035c90                interrupt_unit_device_init
 .text._arcv2_timer0_int_handler
                0x40035ce0       0x20 C:\Users\Dingyang\AppData\Local\arduino15\packages\Intel\hardware\arc32\1.0.5\variants\arduino_101\libarc32drv_arduino101.a(arcv2_timer0.o)
                0x40035ce0                _arcv2_timer0_int_handler
 .text.timer0_driver_init
                0x40035d00       0x40 C:\Users\Dingyang\AppData\Local\arduino15\packages\Intel\hardware\arc32\1.0.5\variants\arduino_101\libarc32drv_arduino101.a(arcv2_timer0.o)
                0x40035d00                timer0_driver_init
 .text.uart_ipc_get_channel
                0x40035d40       0x14 C:\Users\Dingyang\AppData\Local\arduino15\packages\Intel\hardware\arc32\1.0.5\variants\arduino_101\libarc32drv_arduino101.a(ipc_uart_ns16550.o)
                0x40035d40                uart_ipc_get_channel
 .text.uart_ipc_send_message
                0x40035d54       0x8c C:\Users\Dingyang\AppData\Local\arduino15\packages\Intel\hardware\arc32\1.0.5\variants\arduino_101\libarc32drv_arduino101.a(ipc_uart_ns16550.o)
                0x40035d54                uart_ipc_send_message
 .text.uart_init
                0x40035de0       0x98 C:\Users\Dingyang\AppData\Local\arduino15\packages\Intel\hardware\arc32\1.0.5\variants\arduino_101\libarc32drv_arduino101.a(ns16550.o)
                0x40035de0                uart_init
 .text.uart_poll_in
                0x40035e78       0x28 C:\Users\Dingyang\AppData\Local\arduino15\packages\Intel\hardware\arc32\1.0.5\variants\arduino_101\libarc32drv_arduino101.a(ns16550.o)
                0x40035e78                uart_poll_in
 .text.uart_poll_out
                0x40035ea0       0x28 C:\Users\Dingyang\AppData\Local\arduino15\packages\Intel\hardware\arc32\1.0.5\variants\arduino_101\libarc32drv_arduino101.a(ns16550.o)
                0x40035ea0                uart_poll_out
 .text.uart_fifo_read
                0x40035ec8       0x4c C:\Users\Dingyang\AppData\Local\arduino15\packages\Intel\hardware\arc32\1.0.5\variants\arduino_101\libarc32drv_arduino101.a(ns16550.o)
                0x40035ec8                uart_fifo_read
 .text.uart_irq_tx_enable
                0x40035f14       0x20 C:\Users\Dingyang\AppData\Local\arduino15\packages\Intel\hardware\arc32\1.0.5\variants\arduino_101\libarc32drv_arduino101.a(ns16550.o)
                0x40035f14                uart_irq_tx_enable
 .text.uart_irq_tx_disable
                0x40035f34       0x20 C:\Users\Dingyang\AppData\Local\arduino15\packages\Intel\hardware\arc32\1.0.5\variants\arduino_101\libarc32drv_arduino101.a(ns16550.o)
                0x40035f34                uart_irq_tx_disable
 .text.uart_irq_tx_ready
                0x40035f54       0x20 C:\Users\Dingyang\AppData\Local\arduino15\packages\Intel\hardware\arc32\1.0.5\variants\arduino_101\libarc32drv_arduino101.a(ns16550.o)
                0x40035f54                uart_irq_tx_ready
 .text.uart_irq_rx_enable
                0x40035f74       0x20 C:\Users\Dingyang\AppData\Local\arduino15\packages\Intel\hardware\arc32\1.0.5\variants\arduino_101\libarc32drv_arduino101.a(ns16550.o)
                0x40035f74                uart_irq_rx_enable
 .text.uart_irq_rx_disable
                0x40035f94       0x20 C:\Users\Dingyang\AppData\Local\arduino15\packages\Intel\hardware\arc32\1.0.5\variants\arduino_101\libarc32drv_arduino101.a(ns16550.o)
                0x40035f94                uart_irq_rx_disable
 .text.uart_irq_rx_ready
                0x40035fb4       0x20 C:\Users\Dingyang\AppData\Local\arduino15\packages\Intel\hardware\arc32\1.0.5\variants\arduino_101\libarc32drv_arduino101.a(ns16550.o)
                0x40035fb4                uart_irq_rx_ready
 .text.uart_int_connect
                0x40035fd4       0x4c C:\Users\Dingyang\AppData\Local\arduino15\packages\Intel\hardware\arc32\1.0.5\variants\arduino_101\libarc32drv_arduino101.a(ns16550.o)
                0x40035fd4                uart_int_connect
 .text.soc_gpio_ISR_proc
                0x40036020       0x58 C:\Users\Dingyang\AppData\Local\arduino15\packages\Intel\hardware\arc32\1.0.5\variants\arduino_101\libarc32drv_arduino101.a(soc_gpio.o)
 .text.gpio_isr
                0x40036078       0x10 C:\Users\Dingyang\AppData\Local\arduino15\packages\Intel\hardware\arc32\1.0.5\variants\arduino_101\libarc32drv_arduino101.a(soc_gpio.o)
                0x40036078                gpio_isr
 .text.gpio_aon_isr
                0x40036088       0x10 C:\Users\Dingyang\AppData\Local\arduino15\packages\Intel\hardware\arc32\1.0.5\variants\arduino_101\libarc32drv_arduino101.a(soc_gpio.o)
                0x40036088                gpio_aon_isr
 .text.soc_gpio_deconfig
                0x40036098       0x6c C:\Users\Dingyang\AppData\Local\arduino15\packages\Intel\hardware\arc32\1.0.5\variants\arduino_101\libarc32drv_arduino101.a(soc_gpio.o)
                0x40036098                soc_gpio_deconfig
 .text.soc_gpio_enable
                0x40036104       0x88 C:\Users\Dingyang\AppData\Local\arduino15\packages\Intel\hardware\arc32\1.0.5\variants\arduino_101\libarc32drv_arduino101.a(soc_gpio.o)
                0x40036104                soc_gpio_enable
 .text.soc_gpio_set_config
                0x4003618c      0x13c C:\Users\Dingyang\AppData\Local\arduino15\packages\Intel\hardware\arc32\1.0.5\variants\arduino_101\libarc32drv_arduino101.a(soc_gpio.o)
                0x4003618c                soc_gpio_set_config
 .text.ss_gpio_ISR_proc
                0x400362c8       0x6c C:\Users\Dingyang\AppData\Local\arduino15\packages\Intel\hardware\arc32\1.0.5\variants\arduino_101\libarc32drv_arduino101.a(ss_gpio_iface.o)
 .text.ss_gpio_8b1_ISR
                0x40036334       0x10 C:\Users\Dingyang\AppData\Local\arduino15\packages\Intel\hardware\arc32\1.0.5\variants\arduino_101\libarc32drv_arduino101.a(ss_gpio_iface.o)
 .text.ss_gpio_8b0_ISR
                0x40036344       0x10 C:\Users\Dingyang\AppData\Local\arduino15\packages\Intel\hardware\arc32\1.0.5\variants\arduino_101\libarc32drv_arduino101.a(ss_gpio_iface.o)
 .text.ss_gpio_deconfig
                0x40036354       0x74 C:\Users\Dingyang\AppData\Local\arduino15\packages\Intel\hardware\arc32\1.0.5\variants\arduino_101\libarc32drv_arduino101.a(ss_gpio_iface.o)
                0x40036354                ss_gpio_deconfig
 .text.ss_gpio_enable
                0x400363c8       0x9c C:\Users\Dingyang\AppData\Local\arduino15\packages\Intel\hardware\arc32\1.0.5\variants\arduino_101\libarc32drv_arduino101.a(ss_gpio_iface.o)
                0x400363c8                ss_gpio_enable
 .text.ss_gpio_set_config
                0x40036464      0x1a4 C:\Users\Dingyang\AppData\Local\arduino15\packages\Intel\hardware\arc32\1.0.5\variants\arduino_101\libarc32drv_arduino101.a(ss_gpio_iface.o)
                0x40036464                ss_gpio_set_config
 .text.free_message_ipc
                0x40036608       0x18 C:\Users\Dingyang\AppData\Local\arduino15\packages\Intel\hardware\arc32\1.0.5\variants\arduino_101\libarc32drv_arduino101.a(cfw_platform.o)
 .text.send_message_ipc
                0x40036620       0x18 C:\Users\Dingyang\AppData\Local\arduino15\packages\Intel\hardware\arc32\1.0.5\variants\arduino_101\libarc32drv_arduino101.a(cfw_platform.o)
 .text.ipc_mbx_isr
                0x40036638       0x30 C:\Users\Dingyang\AppData\Local\arduino15\packages\Intel\hardware\arc32\1.0.5\variants\arduino_101\libarc32drv_arduino101.a(cfw_platform.o)
 .text.cfw_platform_init
                0x40036668       0xb0 C:\Users\Dingyang\AppData\Local\arduino15\packages\Intel\hardware\arc32\1.0.5\variants\arduino_101\libarc32drv_arduino101.a(cfw_platform.o)
                0x40036668                cfw_platform_init
 .text.send_message_ipc_uart
                0x40036718       0x34 C:\Users\Dingyang\AppData\Local\arduino15\packages\Intel\hardware\arc32\1.0.5\variants\arduino_101\libarc32drv_arduino101.a(nordic_interface.o)
                0x40036718                send_message_ipc_uart
 .text.free_message_ipc_uart
                0x4003674c       0x10 C:\Users\Dingyang\AppData\Local\arduino15\packages\Intel\hardware\arc32\1.0.5\variants\arduino_101\libarc32drv_arduino101.a(nordic_interface.o)
                0x4003674c                free_message_ipc_uart
 .text.cfw_alloc_message
                0x4003675c       0x10 C:\Users\Dingyang\AppData\Local\arduino15\packages\Intel\hardware\arc32\1.0.5\variants\arduino_101\libarc32drv_arduino101.a(client_api.o)
                0x4003675c                cfw_alloc_message
 .text.cfw_alloc_rsp_msg
                0x4003676c       0x54 C:\Users\Dingyang\AppData\Local\arduino15\packages\Intel\hardware\arc32\1.0.5\variants\arduino_101\libarc32drv_arduino101.a(service_api.o)
                0x4003676c                cfw_alloc_rsp_msg
 .text._cfw_send_message
                0x400367c0       0x10 C:\Users\Dingyang\AppData\Local\arduino15\packages\Intel\hardware\arc32\1.0.5\variants\arduino_101\libarc32drv_arduino101.a(service_api.o)
                0x400367c0                _cfw_send_message
 .text.cfw_msg_free
                0x400367d0       0x10 C:\Users\Dingyang\AppData\Local\arduino15\packages\Intel\hardware\arc32\1.0.5\variants\arduino_101\libarc32drv_arduino101.a(service_api.o)
                0x400367d0                cfw_msg_free
 .text.send_service_avail_evt
                0x400367e0       0x54 C:\Users\Dingyang\AppData\Local\arduino15\packages\Intel\hardware\arc32\1.0.5\variants\arduino_101\libarc32drv_arduino101.a(service_manager.o)
 .text.notify_service_avail_cb
                0x40036834       0x38 C:\Users\Dingyang\AppData\Local\arduino15\packages\Intel\hardware\arc32\1.0.5\variants\arduino_101\libarc32drv_arduino101.a(service_manager.o)
                0x40036834                notify_service_avail_cb
 .text.add_service_avail_listener
                0x4003686c       0x3c C:\Users\Dingyang\AppData\Local\arduino15\packages\Intel\hardware\arc32\1.0.5\variants\arduino_101\libarc32drv_arduino101.a(service_manager.o)
                0x4003686c                add_service_avail_listener
 .text.notify_service_avail
                0x400368a8       0x2c C:\Users\Dingyang\AppData\Local\arduino15\packages\Intel\hardware\arc32\1.0.5\variants\arduino_101\libarc32drv_arduino101.a(service_manager.o)
                0x400368a8                notify_service_avail
 .text.get_event_registered_list
                0x400368d4       0x28 C:\Users\Dingyang\AppData\Local\arduino15\packages\Intel\hardware\arc32\1.0.5\variants\arduino_101\libarc32drv_arduino101.a(service_manager.o)
                0x400368d4                get_event_registered_list
 .text._cfw_register_event
                0x400368fc       0x5c C:\Users\Dingyang\AppData\Local\arduino15\packages\Intel\hardware\arc32\1.0.5\variants\arduino_101\libarc32drv_arduino101.a(service_manager.o)
                0x400368fc                _cfw_register_event
 .text._find_service
                0x40036958       0x30 C:\Users\Dingyang\AppData\Local\arduino15\packages\Intel\hardware\arc32\1.0.5\variants\arduino_101\libarc32drv_arduino101.a(service_manager.o)
                0x40036958                _find_service
 .text.cfw_get_service
                0x40036988       0x28 C:\Users\Dingyang\AppData\Local\arduino15\packages\Intel\hardware\arc32\1.0.5\variants\arduino_101\libarc32drv_arduino101.a(service_manager.o)
                0x40036988                cfw_get_service
 .text.internal_handle_message
                0x400369b0      0x20c C:\Users\Dingyang\AppData\Local\arduino15\packages\Intel\hardware\arc32\1.0.5\variants\arduino_101\libarc32drv_arduino101.a(service_manager.o)
                0x400369b0                internal_handle_message
 .text.cfw_get_service_mgr_port_id
                0x40036bbc       0x14 C:\Users\Dingyang\AppData\Local\arduino15\packages\Intel\hardware\arc32\1.0.5\variants\arduino_101\libarc32drv_arduino101.a(service_manager.o)
                0x40036bbc                cfw_get_service_mgr_port_id
 .text._cfw_init
                0x40036bd0       0x34 C:\Users\Dingyang\AppData\Local\arduino15\packages\Intel\hardware\arc32\1.0.5\variants\arduino_101\libarc32drv_arduino101.a(service_manager.o)
                0x40036bd0                _cfw_init
 .text._add_service
                0x40036c04       0x48 C:\Users\Dingyang\AppData\Local\arduino15\packages\Intel\hardware\arc32\1.0.5\variants\arduino_101\libarc32drv_arduino101.a(service_manager.o)
                0x40036c04                _add_service
 .text._cfw_register_service
                0x40036c4c       0x64 C:\Users\Dingyang\AppData\Local\arduino15\packages\Intel\hardware\arc32\1.0.5\variants\arduino_101\libarc32drv_arduino101.a(service_manager.o)
                0x40036c4c                _cfw_register_service
 .text.handle_ipc_sync_request
                0x40036cb0       0x58 C:\Users\Dingyang\AppData\Local\arduino15\packages\Intel\hardware\arc32\1.0.5\variants\arduino_101\libarc32drv_arduino101.a(service_manager.o)
                0x40036cb0                handle_ipc_sync_request
 .text.ipc_init
                0x40036d08       0x48 C:\Users\Dingyang\AppData\Local\arduino15\packages\Intel\hardware\arc32\1.0.5\variants\arduino_101\libarc32drv_arduino101.a(ipc.o)
                0x40036d08                ipc_init
 .text.ipc_handle_message
                0x40036d50       0xa4 C:\Users\Dingyang\AppData\Local\arduino15\packages\Intel\hardware\arc32\1.0.5\variants\arduino_101\libarc32drv_arduino101.a(ipc.o)
                0x40036d50                ipc_handle_message
 .text.ipc_request_sync_int
                0x40036df4      0x15c C:\Users\Dingyang\AppData\Local\arduino15\packages\Intel\hardware\arc32\1.0.5\variants\arduino_101\libarc32drv_arduino101.a(ipc.o)
                0x40036df4                ipc_request_sync_int
 .text.ipc_sync_callback
                0x40036f50       0x54 C:\Users\Dingyang\AppData\Local\arduino15\packages\Intel\hardware\arc32\1.0.5\variants\arduino_101\libarc32drv_arduino101.a(ipc_callback.o)
                0x40036f50                ipc_sync_callback
 .text.log_vprintk
                0x40036fa4       0x48 C:\Users\Dingyang\AppData\Local\arduino15\packages\Intel\hardware\arc32\1.0.5\variants\arduino_101\libarc32drv_arduino101.a(log.o)
                0x40036fa4                log_vprintk
 .text.log_printk
                0x40036fec       0x38 C:\Users\Dingyang\AppData\Local\arduino15\packages\Intel\hardware\arc32\1.0.5\variants\arduino_101\libarc32drv_arduino101.a(log.o)
                0x40036fec                log_printk
 .text.log_write_msg
                0x40037024       0x10 C:\Users\Dingyang\AppData\Local\arduino15\packages\Intel\hardware\arc32\1.0.5\variants\arduino_101\libarc32drv_arduino101.a(log_impl_printk.o)
                0x40037024                log_write_msg
 .text.get_port
                0x40037034       0x40 C:\Users\Dingyang\AppData\Local\arduino15\packages\Intel\hardware\arc32\1.0.5\variants\arduino_101\libarc32drv_arduino101.a(port.o)
 .text.get_cpu_id
                0x40037074       0x14 C:\Users\Dingyang\AppData\Local\arduino15\packages\Intel\hardware\arc32\1.0.5\variants\arduino_101\libarc32drv_arduino101.a(port.o)
                0x40037074                get_cpu_id
 .text.port_get_port_table
                0x40037088       0x14 C:\Users\Dingyang\AppData\Local\arduino15\packages\Intel\hardware\arc32\1.0.5\variants\arduino_101\libarc32drv_arduino101.a(port.o)
                0x40037088                port_get_port_table
 .text.port_alloc
                0x4003709c       0x60 C:\Users\Dingyang\AppData\Local\arduino15\packages\Intel\hardware\arc32\1.0.5\variants\arduino_101\libarc32drv_arduino101.a(port.o)
                0x4003709c                port_alloc
 .text.port_set_handler
                0x400370fc       0x28 C:\Users\Dingyang\AppData\Local\arduino15\packages\Intel\hardware\arc32\1.0.5\variants\arduino_101\libarc32drv_arduino101.a(port.o)
                0x400370fc                port_set_handler
 .text.message_alloc
                0x40037124       0x38 C:\Users\Dingyang\AppData\Local\arduino15\packages\Intel\hardware\arc32\1.0.5\variants\arduino_101\libarc32drv_arduino101.a(port.o)
                0x40037124                message_alloc
 .text.port_process_message
                0x4003715c       0x3c C:\Users\Dingyang\AppData\Local\arduino15\packages\Intel\hardware\arc32\1.0.5\variants\arduino_101\libarc32drv_arduino101.a(port.o)
                0x4003715c                port_process_message
 .text.port_set_cpu_id
                0x40037198       0x24 C:\Users\Dingyang\AppData\Local\arduino15\packages\Intel\hardware\arc32\1.0.5\variants\arduino_101\libarc32drv_arduino101.a(port.o)
                0x40037198                port_set_cpu_id
 .text.port_get_cpu_id
                0x400371bc       0x18 C:\Users\Dingyang\AppData\Local\arduino15\packages\Intel\hardware\arc32\1.0.5\variants\arduino_101\libarc32drv_arduino101.a(port.o)
                0x400371bc                port_get_cpu_id
 .text.set_cpu_id
                0x400371d4       0x14 C:\Users\Dingyang\AppData\Local\arduino15\packages\Intel\hardware\arc32\1.0.5\variants\arduino_101\libarc32drv_arduino101.a(port.o)
                0x400371d4                set_cpu_id
 .text.set_cpu_message_sender
                0x400371e8       0x18 C:\Users\Dingyang\AppData\Local\arduino15\packages\Intel\hardware\arc32\1.0.5\variants\arduino_101\libarc32drv_arduino101.a(port.o)
                0x400371e8                set_cpu_message_sender
 .text.set_cpu_free_handler
                0x40037200       0x18 C:\Users\Dingyang\AppData\Local\arduino15\packages\Intel\hardware\arc32\1.0.5\variants\arduino_101\libarc32drv_arduino101.a(port.o)
                0x40037200                set_cpu_free_handler
 .text.port_send_message
                0x40037218       0x94 C:\Users\Dingyang\AppData\Local\arduino15\packages\Intel\hardware\arc32\1.0.5\variants\arduino_101\libarc32drv_arduino101.a(port.o)
                0x40037218                port_send_message
 .text.message_free
                0x400372ac       0x4c C:\Users\Dingyang\AppData\Local\arduino15\packages\Intel\hardware\arc32\1.0.5\variants\arduino_101\libarc32drv_arduino101.a(port.o)
                0x400372ac                message_free
 .text.queue_process_message
                0x400372f8       0x48 C:\Users\Dingyang\AppData\Local\arduino15\packages\Intel\hardware\arc32\1.0.5\variants\arduino_101\libarc32drv_arduino101.a(port.o)
                0x400372f8                queue_process_message
 .text.get_uptime_ms
                0x40037340       0x28 C:\Users\Dingyang\AppData\Local\arduino15\packages\Intel\hardware\arc32\1.0.5\variants\arduino_101\libarc32drv_arduino101.a(uptime.o)
                0x40037340                get_uptime_ms
 .text.list_init
                0x40037368       0x14 C:\Users\Dingyang\AppData\Local\arduino15\packages\Intel\hardware\arc32\1.0.5\variants\arduino_101\libarc32drv_arduino101.a(list.o)
                0x40037368                list_init
 .text.list_add
                0x4003737c       0x28 C:\Users\Dingyang\AppData\Local\arduino15\packages\Intel\hardware\arc32\1.0.5\variants\arduino_101\libarc32drv_arduino101.a(list.o)
                0x4003737c                list_add
 .text.list_foreach_del
                0x400373a4       0x60 C:\Users\Dingyang\AppData\Local\arduino15\packages\Intel\hardware\arc32\1.0.5\variants\arduino_101\libarc32drv_arduino101.a(list.o)
                0x400373a4                list_foreach_del
 .text.list_get
                0x40037404       0x24 C:\Users\Dingyang\AppData\Local\arduino15\packages\Intel\hardware\arc32\1.0.5\variants\arduino_101\libarc32drv_arduino101.a(list.o)
                0x40037404                list_get
 .text.cfw_alloc
                0x40037428       0x2c C:\Users\Dingyang\AppData\Local\arduino15\packages\Intel\hardware\arc32\1.0.5\variants\arduino_101\libarc32drv_arduino101.a(os.o)
                0x40037428                cfw_alloc
 .text.cfw_free
                0x40037454       0x28 C:\Users\Dingyang\AppData\Local\arduino15\packages\Intel\hardware\arc32\1.0.5\variants\arduino_101\libarc32drv_arduino101.a(os.o)
                0x40037454                cfw_free
 .text.balloc   0x4003747c       0x10 C:\Users\Dingyang\AppData\Local\arduino15\packages\Intel\hardware\arc32\1.0.5\variants\arduino_101\libarc32drv_arduino101.a(os.o)
                0x4003747c                balloc
 .text.bfree    0x4003748c       0x18 C:\Users\Dingyang\AppData\Local\arduino15\packages\Intel\hardware\arc32\1.0.5\variants\arduino_101\libarc32drv_arduino101.a(os.o)
                0x4003748c                bfree
 .text.queue_get_message
                0x400374a4       0x28 C:\Users\Dingyang\AppData\Local\arduino15\packages\Intel\hardware\arc32\1.0.5\variants\arduino_101\libarc32drv_arduino101.a(os.o)
                0x400374a4                queue_get_message
 .text.queue_send_message
                0x400374cc       0x24 C:\Users\Dingyang\AppData\Local\arduino15\packages\Intel\hardware\arc32\1.0.5\variants\arduino_101\libarc32drv_arduino101.a(os.o)
                0x400374cc                queue_send_message
 .text.queue_create
                0x400374f0       0x54 C:\Users\Dingyang\AppData\Local\arduino15\packages\Intel\hardware\arc32\1.0.5\variants\arduino_101\libarc32drv_arduino101.a(os.o)
                0x400374f0                queue_create
 .text.mutex_create
                0x40037544       0x10 C:\Users\Dingyang\AppData\Local\arduino15\packages\Intel\hardware\arc32\1.0.5\variants\arduino_101\libarc32drv_arduino101.a(os.o)
                0x40037544                mutex_create
 .text.mutex_unlock
                0x40037554        0xc C:\Users\Dingyang\AppData\Local\arduino15\packages\Intel\hardware\arc32\1.0.5\variants\arduino_101\libarc32drv_arduino101.a(os.o)
                0x40037554                mutex_unlock
 .text.mutex_lock
                0x40037560       0x10 C:\Users\Dingyang\AppData\Local\arduino15\packages\Intel\hardware\arc32\1.0.5\variants\arduino_101\libarc32drv_arduino101.a(os.o)
                0x40037560                mutex_lock
 .text._Z10eeprom_endv
                0x40037570       0x38 C:\Users\Dingyang\AppData\Local\V.Micro\Arduino\Builds\servo_arm\Intel_intel_arc32_arduino_101\servo_arm.cpp.o
                0x40037570                eeprom_end()
 .text._Z11match_servov
                0x400375a8      0x3dc C:\Users\Dingyang\AppData\Local\V.Micro\Arduino\Builds\servo_arm\Intel_intel_arc32_arduino_101\servo_arm.cpp.o
                0x400375a8                match_servo()
 .text._Z9get_Servov
                0x40037984      0x380 C:\Users\Dingyang\AppData\Local\V.Micro\Arduino\Builds\servo_arm\Intel_intel_arc32_arduino_101\servo_arm.cpp.o
                0x40037984                get_Servo()
 .text._Z16write_eeprom_endv
                0x40037d04       0x2c C:\Users\Dingyang\AppData\Local\V.Micro\Arduino\Builds\servo_arm\Intel_intel_arc32_arduino_101\servo_arm.cpp.o
                0x40037d04                write_eeprom_end()
 .text._Z11read_eepromv
                0x40037d30       0x90 C:\Users\Dingyang\AppData\Local\V.Micro\Arduino\Builds\servo_arm\Intel_intel_arc32_arduino_101\servo_arm.cpp.o
                0x40037d30                read_eeprom()
 .text._Z10get_Servo4v
                0x40037dc0       0x3c C:\Users\Dingyang\AppData\Local\V.Micro\Arduino\Builds\servo_arm\Intel_intel_arc32_arduino_101\servo_arm.cpp.o
                0x40037dc0                get_Servo4()
 .text._Z12servo_detachv
                0x40037dfc       0x38 C:\Users\Dingyang\AppData\Local\V.Micro\Arduino\Builds\servo_arm\Intel_intel_arc32_arduino_101\servo_arm.cpp.o
                0x40037dfc                servo_detach()
 .text._Z12servo_attachv
                0x40037e34       0x40 C:\Users\Dingyang\AppData\Local\V.Micro\Arduino\Builds\servo_arm\Intel_intel_arc32_arduino_101\servo_arm.cpp.o
                0x40037e34                servo_attach()
 .text._Z12bottom_pressv
                0x40037e74      0x270 C:\Users\Dingyang\AppData\Local\V.Micro\Arduino\Builds\servo_arm\Intel_intel_arc32_arduino_101\servo_arm.cpp.o
                0x40037e74                bottom_press()
 .text._Z13process_servov
                0x400380e4      0x250 C:\Users\Dingyang\AppData\Local\V.Micro\Arduino\Builds\servo_arm\Intel_intel_arc32_arduino_101\servo_arm.cpp.o
                0x400380e4                process_servo()
 .text._Z11config_initv
                0x40038334      0x110 C:\Users\Dingyang\AppData\Local\V.Micro\Arduino\Builds\servo_arm\Intel_intel_arc32_arduino_101\servo_arm.cpp.o
                0x40038334                config_init()
 .text.loop     0x40038444       0x48 C:\Users\Dingyang\AppData\Local\V.Micro\Arduino\Builds\servo_arm\Intel_intel_arc32_arduino_101\servo_arm.cpp.o
                0x40038444                loop
 .text._GLOBAL__sub_I_myservo0
                0x4003848c       0x40 C:\Users\Dingyang\AppData\Local\V.Micro\Arduino\Builds\servo_arm\Intel_intel_arc32_arduino_101\servo_arm.cpp.o
 .text.setup    0x400384cc       0x24 C:\Users\Dingyang\AppData\Local\V.Micro\Arduino\Builds\servo_arm\Intel_intel_arc32_arduino_101\servo_arm.cpp.o
                0x400384cc                setup
 .text._ZN11CurieEEPROM5clearEv
                0x400384f0       0x20 C:\Users\Dingyang\AppData\Local\V.Micro\Arduino\Builds\servo_arm\Intel_intel_arc32_arduino_101\CurieEEPROM\CurieEEPROM.cpp.o
                0x400384f0                CurieEEPROM::clear()
 .text._ZN11CurieEEPROM4readEm
                0x40038510       0x20 C:\Users\Dingyang\AppData\Local\V.Micro\Arduino\Builds\servo_arm\Intel_intel_arc32_arduino_101\CurieEEPROM\CurieEEPROM.cpp.o
                0x40038510                CurieEEPROM::read(unsigned long)
 .text._ZN11CurieEEPROM5writeEmm
                0x40038530       0xd4 C:\Users\Dingyang\AppData\Local\V.Micro\Arduino\Builds\servo_arm\Intel_intel_arc32_arduino_101\CurieEEPROM\CurieEEPROM.cpp.o
                0x40038530                CurieEEPROM::write(unsigned long, unsigned long)
 .text._ZL17timer1_init_servom
                0x40038604       0x50 C:\Users\Dingyang\AppData\Local\V.Micro\Arduino\Builds\servo_arm\Intel_intel_arc32_arduino_101\Servo\Servo.cpp.o
 .text._ZL16timer1_isr_servov
                0x40038654      0x12c C:\Users\Dingyang\AppData\Local\V.Micro\Arduino\Builds\servo_arm\Intel_intel_arc32_arduino_101\Servo\Servo.cpp.o
 .text._ZN5ServoC2Ev
                0x40038780       0x3c C:\Users\Dingyang\AppData\Local\V.Micro\Arduino\Builds\servo_arm\Intel_intel_arc32_arduino_101\Servo\Servo.cpp.o
                0x40038780                Servo::Servo()
                0x40038780                Servo::Servo()
 .text._ZN5Servo6attachEiii
                0x400387bc       0xb0 C:\Users\Dingyang\AppData\Local\V.Micro\Arduino\Builds\servo_arm\Intel_intel_arc32_arduino_101\Servo\Servo.cpp.o
                0x400387bc                Servo::attach(int, int, int)
 .text._ZN5Servo6attachEi
                0x4003886c       0x18 C:\Users\Dingyang\AppData\Local\V.Micro\Arduino\Builds\servo_arm\Intel_intel_arc32_arduino_101\Servo\Servo.cpp.o
                0x4003886c                Servo::attach(int)
 .text._ZN5Servo6detachEv
                0x40038884       0x54 C:\Users\Dingyang\AppData\Local\V.Micro\Arduino\Builds\servo_arm\Intel_intel_arc32_arduino_101\Servo\Servo.cpp.o
                0x40038884                Servo::detach()
 .text._ZN5Servo17writeMicrosecondsEi
                0x400388d8       0x60 C:\Users\Dingyang\AppData\Local\V.Micro\Arduino\Builds\servo_arm\Intel_intel_arc32_arduino_101\Servo\Servo.cpp.o
                0x400388d8                Servo::writeMicroseconds(int)
 .text._ZN5Servo5writeEi
                0x40038938       0x54 C:\Users\Dingyang\AppData\Local\V.Micro\Arduino\Builds\servo_arm\Intel_intel_arc32_arduino_101\Servo\Servo.cpp.o
                0x40038938                Servo::write(int)
 .text.attachInterrupt
                0x4003898c       0xc4 C:\Users\Dingyang\AppData\Local\V.Micro\Arduino\Builds\servo_arm\Intel_intel_arc32_arduino_101/core.a(WInterrupts.c.o)
                0x4003898c                attachInterrupt
 .text.detachInterrupt
                0x40038a50       0x38 C:\Users\Dingyang\AppData\Local\V.Micro\Arduino\Builds\servo_arm\Intel_intel_arc32_arduino_101/core.a(WInterrupts.c.o)
                0x40038a50                detachInterrupt
 .text.interrupts
                0x40038a88       0x2c C:\Users\Dingyang\AppData\Local\V.Micro\Arduino\Builds\servo_arm\Intel_intel_arc32_arduino_101/core.a(WInterrupts.c.o)
                0x40038a88                interrupts
 .text.noInterrupts
                0x40038ab4       0x2c C:\Users\Dingyang\AppData\Local\V.Micro\Arduino\Builds\servo_arm\Intel_intel_arc32_arduino_101/core.a(WInterrupts.c.o)
                0x40038ab4                noInterrupts
 .text.delay    0x40038ae0       0xc4 C:\Users\Dingyang\AppData\Local\V.Micro\Arduino\Builds\servo_arm\Intel_intel_arc32_arduino_101/core.a(wiring.c.o)
                0x40038ae0                delay
 .text.millis   0x40038ba4       0x40 C:\Users\Dingyang\AppData\Local\V.Micro\Arduino\Builds\servo_arm\Intel_intel_arc32_arduino_101/core.a(wiring.c.o)
                0x40038ba4                millis
 .text.analogRead
                0x40038be4      0x110 C:\Users\Dingyang\AppData\Local\V.Micro\Arduino\Builds\servo_arm\Intel_intel_arc32_arduino_101/core.a(wiring_analog.c.o)
                0x40038be4                analogRead
 .text.pinMode  0x40038cf4       0xf4 C:\Users\Dingyang\AppData\Local\V.Micro\Arduino\Builds\servo_arm\Intel_intel_arc32_arduino_101/core.a(wiring_digital.c.o)
                0x40038cf4                pinMode
 .text.digitalWrite
                0x40038de8       0xb0 C:\Users\Dingyang\AppData\Local\V.Micro\Arduino\Builds\servo_arm\Intel_intel_arc32_arduino_101/core.a(wiring_digital.c.o)
                0x40038de8                digitalWrite
 .text.digitalRead
                0x40038e98       0x48 C:\Users\Dingyang\AppData\Local\V.Micro\Arduino\Builds\servo_arm\Intel_intel_arc32_arduino_101/core.a(wiring_digital.c.o)
                0x40038e98                digitalRead
 .text._ZN14CDCSerialClass3endEv
                0x40038ee0       0x14 C:\Users\Dingyang\AppData\Local\V.Micro\Arduino\Builds\servo_arm\Intel_intel_arc32_arduino_101/core.a(CDCSerialClass.cpp.o)
                0x40038ee0                CDCSerialClass::end()
 .text._ZN14CDCSerialClass4peekEv
                0x40038ef4       0x28 C:\Users\Dingyang\AppData\Local\V.Micro\Arduino\Builds\servo_arm\Intel_intel_arc32_arduino_101/core.a(CDCSerialClass.cpp.o)
                0x40038ef4                CDCSerialClass::peek()
 .text._ZN14CDCSerialClass4readEv
                0x40038f1c       0x48 C:\Users\Dingyang\AppData\Local\V.Micro\Arduino\Builds\servo_arm\Intel_intel_arc32_arduino_101/core.a(CDCSerialClass.cpp.o)
                0x40038f1c                CDCSerialClass::read()
 .text._ZN14CDCSerialClasscvbEv
                0x40038f64       0x34 C:\Users\Dingyang\AppData\Local\V.Micro\Arduino\Builds\servo_arm\Intel_intel_arc32_arduino_101/core.a(CDCSerialClass.cpp.o)
                0x40038f64                CDCSerialClass::operator bool()
 .text._ZN14CDCSerialClass5flushEv
                0x40038f98       0x2c C:\Users\Dingyang\AppData\Local\V.Micro\Arduino\Builds\servo_arm\Intel_intel_arc32_arduino_101/core.a(CDCSerialClass.cpp.o)
                0x40038f98                CDCSerialClass::flush()
 .text._ZN14CDCSerialClass9availableEv
                0x40038fc4       0x40 C:\Users\Dingyang\AppData\Local\V.Micro\Arduino\Builds\servo_arm\Intel_intel_arc32_arduino_101/core.a(CDCSerialClass.cpp.o)
                0x40038fc4                CDCSerialClass::available()
 .text._ZN14CDCSerialClass5writeEh
                0x40039004       0x50 C:\Users\Dingyang\AppData\Local\V.Micro\Arduino\Builds\servo_arm\Intel_intel_arc32_arduino_101/core.a(CDCSerialClass.cpp.o)
                0x40039004                CDCSerialClass::write(unsigned char)
 .text._ZN14CDCSerialClassC2EP14uart_init_info
                0x40039054       0x20 C:\Users\Dingyang\AppData\Local\V.Micro\Arduino\Builds\servo_arm\Intel_intel_arc32_arduino_101/core.a(CDCSerialClass.cpp.o)
                0x40039054                CDCSerialClass::CDCSerialClass(uart_init_info*)
                0x40039054                CDCSerialClass::CDCSerialClass(uart_init_info*)
 .text._ZN14CDCSerialClass13setSharedDataEP19cdc_acm_shared_data
                0x40039074       0x18 C:\Users\Dingyang\AppData\Local\V.Micro\Arduino\Builds\servo_arm\Intel_intel_arc32_arduino_101/core.a(CDCSerialClass.cpp.o)
                0x40039074                CDCSerialClass::setSharedData(cdc_acm_shared_data*)
 .text._ZN14CDCSerialClass4initEmh
                0x4003908c       0x38 C:\Users\Dingyang\AppData\Local\V.Micro\Arduino\Builds\servo_arm\Intel_intel_arc32_arduino_101/core.a(CDCSerialClass.cpp.o)
                0x4003908c                CDCSerialClass::init(unsigned long, unsigned char)
 .text._ZN14CDCSerialClass5beginEm
                0x400390c4       0x10 C:\Users\Dingyang\AppData\Local\V.Micro\Arduino\Builds\servo_arm\Intel_intel_arc32_arduino_101/core.a(CDCSerialClass.cpp.o)
                0x400390c4                CDCSerialClass::begin(unsigned long)
 .text.main     0x400390d4       0x28 C:\Users\Dingyang\AppData\Local\V.Micro\Arduino\Builds\servo_arm\Intel_intel_arc32_arduino_101/core.a(main.cpp.o)
                0x400390d4                main
 .text._ZN5Print5writeEPKhj
                0x400390fc       0x38 C:\Users\Dingyang\AppData\Local\V.Micro\Arduino\Builds\servo_arm\Intel_intel_arc32_arduino_101/core.a(Print.cpp.o)
                0x400390fc                Print::write(unsigned char const*, unsigned int)
 .text._ZN5Print5writeEPKc
                0x40039134       0x44 C:\Users\Dingyang\AppData\Local\V.Micro\Arduino\Builds\servo_arm\Intel_intel_arc32_arduino_101/core.a(Print.cpp.o)
                0x40039134                Print::write(char const*)
 .text._ZN5Print5printEPKc
                0x40039178       0x10 C:\Users\Dingyang\AppData\Local\V.Micro\Arduino\Builds\servo_arm\Intel_intel_arc32_arduino_101/core.a(Print.cpp.o)
                0x40039178                Print::print(char const*)
 .text._ZN5Print5printEc
                0x40039188       0x14 C:\Users\Dingyang\AppData\Local\V.Micro\Arduino\Builds\servo_arm\Intel_intel_arc32_arduino_101/core.a(Print.cpp.o)
                0x40039188                Print::print(char)
 .text._ZN5Print7printlnEv
                0x4003919c       0x2c C:\Users\Dingyang\AppData\Local\V.Micro\Arduino\Builds\servo_arm\Intel_intel_arc32_arduino_101/core.a(Print.cpp.o)
                0x4003919c                Print::println()
 .text._ZN5Print7printlnEPKc
                0x400391c8       0x28 C:\Users\Dingyang\AppData\Local\V.Micro\Arduino\Builds\servo_arm\Intel_intel_arc32_arduino_101/core.a(Print.cpp.o)
                0x400391c8                Print::println(char const*)
 .text._ZN5Print11printNumberEmh
                0x400391f0       0x70 C:\Users\Dingyang\AppData\Local\V.Micro\Arduino\Builds\servo_arm\Intel_intel_arc32_arduino_101/core.a(Print.cpp.o)
                0x400391f0                Print::printNumber(unsigned long, unsigned char)
 .text._ZN5Print5printEli
                0x40039260       0x68 C:\Users\Dingyang\AppData\Local\V.Micro\Arduino\Builds\servo_arm\Intel_intel_arc32_arduino_101/core.a(Print.cpp.o)
                0x40039260                Print::print(long, int)
 .text._ZN5Print5printEii
                0x400392c8       0x10 C:\Users\Dingyang\AppData\Local\V.Micro\Arduino\Builds\servo_arm\Intel_intel_arc32_arduino_101/core.a(Print.cpp.o)
                0x400392c8                Print::print(int, int)
 .text._ZN5Print7printlnEii
                0x400392d8       0x28 C:\Users\Dingyang\AppData\Local\V.Micro\Arduino\Builds\servo_arm\Intel_intel_arc32_arduino_101/core.a(Print.cpp.o)
                0x400392d8                Print::println(int, int)
 .text._ZN5Print5printEmi
                0x40039300       0x20 C:\Users\Dingyang\AppData\Local\V.Micro\Arduino\Builds\servo_arm\Intel_intel_arc32_arduino_101/core.a(Print.cpp.o)
                0x40039300                Print::print(unsigned long, int)
 .text._ZN5Print7printlnEmi
                0x40039320       0x28 C:\Users\Dingyang\AppData\Local\V.Micro\Arduino\Builds\servo_arm\Intel_intel_arc32_arduino_101/core.a(Print.cpp.o)
                0x40039320                Print::println(unsigned long, int)
 .text._Z3maplllll
                0x40039348       0x30 C:\Users\Dingyang\AppData\Local\V.Micro\Arduino\Builds\servo_arm\Intel_intel_arc32_arduino_101/core.a(WMath.cpp.o)
                0x40039348                map(long, long, long, long, long)
 .text._Z11serialEventv
                0x40039378        0xc C:\Users\Dingyang\AppData\Local\V.Micro\Arduino\Builds\servo_arm\Intel_intel_arc32_arduino_101/core.a(variant.cpp.o)
                0x40039378                serialEvent()
 .text._Z12UART_Handlerv
                0x40039384       0x14 C:\Users\Dingyang\AppData\Local\V.Micro\Arduino\Builds\servo_arm\Intel_intel_arc32_arduino_101/core.a(variant.cpp.o)
                0x40039384                UART_Handler()
 .text._Z12serialEvent1v
                0x40039398        0xc C:\Users\Dingyang\AppData\Local\V.Micro\Arduino\Builds\servo_arm\Intel_intel_arc32_arduino_101/core.a(variant.cpp.o)
                0x40039398                serialEvent1()
 .text.variantGpioInit
                0x400393a4       0xe0 C:\Users\Dingyang\AppData\Local\V.Micro\Arduino\Builds\servo_arm\Intel_intel_arc32_arduino_101/core.a(variant.cpp.o)
                0x400393a4                variantGpioInit
 .text.variantPwmInit
                0x40039484       0x3c C:\Users\Dingyang\AppData\Local\V.Micro\Arduino\Builds\servo_arm\Intel_intel_arc32_arduino_101/core.a(variant.cpp.o)
                0x40039484                variantPwmInit
 .text.variantAdcInit
                0x400394c0       0xa8 C:\Users\Dingyang\AppData\Local\V.Micro\Arduino\Builds\servo_arm\Intel_intel_arc32_arduino_101/core.a(variant.cpp.o)
                0x400394c0                variantAdcInit
 .text.initVariant
                0x40039568       0x30 C:\Users\Dingyang\AppData\Local\V.Micro\Arduino\Builds\servo_arm\Intel_intel_arc32_arduino_101/core.a(variant.cpp.o)
                0x40039568                initVariant
 .text._GLOBAL__sub_I_g_APinDescription
                0x40039598       0x50 C:\Users\Dingyang\AppData\Local\V.Micro\Arduino\Builds\servo_arm\Intel_intel_arc32_arduino_101/core.a(variant.cpp.o)
 .text._Z14serialEventRunv
                0x400395e8       0x38 C:\Users\Dingyang\AppData\Local\V.Micro\Arduino\Builds\servo_arm\Intel_intel_arc32_arduino_101/core.a(variant.cpp.o)
                0x400395e8                serialEventRun()
 .text.__empty  0x40039620        0xc C:\Users\Dingyang\AppData\Local\V.Micro\Arduino\Builds\servo_arm\Intel_intel_arc32_arduino_101/core.a(hooks.c.o)
                0x40039620                yield
 .text._ZN10RingBufferC2Ev
                0x4003962c       0x30 C:\Users\Dingyang\AppData\Local\V.Micro\Arduino\Builds\servo_arm\Intel_intel_arc32_arduino_101/core.a(RingBuffer.cpp.o)
                0x4003962c                RingBuffer::RingBuffer()
                0x4003962c                RingBuffer::RingBuffer()
 .text._ZN10RingBuffer10store_charEh
                0x4003965c       0x38 C:\Users\Dingyang\AppData\Local\V.Micro\Arduino\Builds\servo_arm\Intel_intel_arc32_arduino_101/core.a(RingBuffer.cpp.o)
                0x4003965c                RingBuffer::store_char(unsigned char)
 .text._ZN9UARTClasscvbEv
                0x40039694       0x10 C:\Users\Dingyang\AppData\Local\V.Micro\Arduino\Builds\servo_arm\Intel_intel_arc32_arduino_101/core.a(UARTClass.cpp.o)
                0x40039694                UARTClass::operator bool()
 .text._ZN9UARTClass9availableEv
                0x400396a4       0x1c C:\Users\Dingyang\AppData\Local\V.Micro\Arduino\Builds\servo_arm\Intel_intel_arc32_arduino_101/core.a(UARTClass.cpp.o)
                0x400396a4                UARTClass::available()
 .text._ZN9UARTClass4peekEv
                0x400396c0       0x24 C:\Users\Dingyang\AppData\Local\V.Micro\Arduino\Builds\servo_arm\Intel_intel_arc32_arduino_101/core.a(UARTClass.cpp.o)
                0x400396c0                UARTClass::peek()
 .text._ZN9UARTClass4readEv
                0x400396e4       0x2c C:\Users\Dingyang\AppData\Local\V.Micro\Arduino\Builds\servo_arm\Intel_intel_arc32_arduino_101/core.a(UARTClass.cpp.o)
                0x400396e4                UARTClass::read()
 .text._ZN9UARTClass3endEv
                0x40039710       0x54 C:\Users\Dingyang\AppData\Local\V.Micro\Arduino\Builds\servo_arm\Intel_intel_arc32_arduino_101/core.a(UARTClass.cpp.o)
                0x40039710                UARTClass::end()
 .text._ZN9UARTClass5flushEv
                0x40039764       0x28 C:\Users\Dingyang\AppData\Local\V.Micro\Arduino\Builds\servo_arm\Intel_intel_arc32_arduino_101/core.a(UARTClass.cpp.o)
                0x40039764                UARTClass::flush()
 .text._ZN9UARTClass5writeEh
                0x4003978c       0x68 C:\Users\Dingyang\AppData\Local\V.Micro\Arduino\Builds\servo_arm\Intel_intel_arc32_arduino_101/core.a(UARTClass.cpp.o)
                0x4003978c                UARTClass::write(unsigned char)
 .text._ZN9UARTClassC2EP14uart_init_infoP10RingBufferS3_
                0x400397f4       0x24 C:\Users\Dingyang\AppData\Local\V.Micro\Arduino\Builds\servo_arm\Intel_intel_arc32_arduino_101/core.a(UARTClass.cpp.o)
                0x400397f4                UARTClass::UARTClass(uart_init_info*, RingBuffer*, RingBuffer*)
                0x400397f4                UARTClass::UARTClass(uart_init_info*, RingBuffer*, RingBuffer*)
 .text._ZN9UARTClass4initEmh
                0x40039818       0xc8 C:\Users\Dingyang\AppData\Local\V.Micro\Arduino\Builds\servo_arm\Intel_intel_arc32_arduino_101/core.a(UARTClass.cpp.o)
                0x40039818                UARTClass::init(unsigned long, unsigned char)
 .text._ZN9UARTClass5beginEmh
                0x400398e0       0x28 C:\Users\Dingyang\AppData\Local\V.Micro\Arduino\Builds\servo_arm\Intel_intel_arc32_arduino_101/core.a(UARTClass.cpp.o)
                0x400398e0                UARTClass::begin(unsigned long, unsigned char)
 .text._ZN9UARTClass5beginEm
                0x40039908       0x10 C:\Users\Dingyang\AppData\Local\V.Micro\Arduino\Builds\servo_arm\Intel_intel_arc32_arduino_101/core.a(UARTClass.cpp.o)
                0x40039908                UARTClass::begin(unsigned long)
 .text._ZN9UARTClass10IrqHandlerEv
                0x40039918       0x74 C:\Users\Dingyang\AppData\Local\V.Micro\Arduino\Builds\servo_arm\Intel_intel_arc32_arduino_101/core.a(UARTClass.cpp.o)
                0x40039918                UARTClass::IrqHandler()
                0x4003998c                __text_end = .

ctors           0x4003998c       0x10
                0x4003998c                . = ALIGN (0x4)
                0x4003998c                __CTOR_LIST__ = .
                0x4003998c        0x4 LONG 0x2 (((__CTOR_END__ - __CTOR_LIST__) / 0x4) - 0x2)
 *(SORT(.ctors*))
 .ctors         0x40039990        0x4 C:\Users\Dingyang\AppData\Local\V.Micro\Arduino\Builds\servo_arm\Intel_intel_arc32_arduino_101\servo_arm.cpp.o
 .ctors         0x40039994        0x4 C:\Users\Dingyang\AppData\Local\V.Micro\Arduino\Builds\servo_arm\Intel_intel_arc32_arduino_101/core.a(variant.cpp.o)
                0x40039998        0x4 LONG 0x0
                0x4003999c                __CTOR_END__ = .

rodata          0x4003999c      0x310
 *(.rodata)
 .rodata        0x4003999c        0x8 c:/users/dingyang/appdata/local/arduino15/packages/intel/tools/arc-elf32/1.6.4+1.0/bin/../lib/gcc/arc-elf32/4.8.3/../../../../arc-elf32/lib\libc.a(lib_a-impure.o)
                0x400399a0                _global_impure_ptr
 .rodata        0x400399a4      0x100 c:/users/dingyang/appdata/local/arduino15/packages/intel/tools/arc-elf32/1.6.4+1.0/bin/../lib/gcc/arc-elf32/4.8.3\libgcc.a(_clz.o)
                0x400399a4                __clz_tab
 *(.rodata.*)
 .rodata.str1.4
                0x40039aa4       0x95 C:\Users\Dingyang\AppData\Local\arduino15\packages\Intel\hardware\arc32\1.0.5\variants\arduino_101\libarc32drv_arduino101.a(service_manager.o)
                                 0x98 (size before relaxing)
 *fill*         0x40039b39        0x3 
 .rodata.__func__.2670
                0x40039b3c       0x18 C:\Users\Dingyang\AppData\Local\arduino15\packages\Intel\hardware\arc32\1.0.5\variants\arduino_101\libarc32drv_arduino101.a(service_manager.o)
 .rodata.str1.4
                0x40039b54       0x73 C:\Users\Dingyang\AppData\Local\arduino15\packages\Intel\hardware\arc32\1.0.5\variants\arduino_101\libarc32drv_arduino101.a(ipc.o)
                                 0x74 (size before relaxing)
 *fill*         0x40039bc7        0x1 
 .rodata.str1.4
                0x40039bc8       0x32 C:\Users\Dingyang\AppData\Local\arduino15\packages\Intel\hardware\arc32\1.0.5\variants\arduino_101\libarc32drv_arduino101.a(port.o)
                                 0x34 (size before relaxing)
 *fill*         0x40039bfa        0x2 
 .rodata.str1.4
                0x40039bfc       0x58 C:\Users\Dingyang\AppData\Local\V.Micro\Arduino\Builds\servo_arm\Intel_intel_arc32_arduino_101\servo_arm.cpp.o
                                 0x60 (size before relaxing)
 .rodata._ZTV14CDCSerialClass
                0x40039c54       0x2c C:\Users\Dingyang\AppData\Local\V.Micro\Arduino\Builds\servo_arm\Intel_intel_arc32_arduino_101/core.a(CDCSerialClass.cpp.o)
                0x40039c54                vtable for CDCSerialClass
 .rodata._ZTV9UARTClass
                0x40039c80       0x2c C:\Users\Dingyang\AppData\Local\V.Micro\Arduino\Builds\servo_arm\Intel_intel_arc32_arduino_101/core.a(UARTClass.cpp.o)
                0x40039c80                vtable for UARTClass
                0x40039cac                __data_rom_start = ALIGN (0x4)

datas           0xa800e000      0xcb8 load address 0x40039cac
                0xa800e000                __data_ram_start = .
 *(.data)
 .data          0xa800e000       0xd4 C:\Users\Dingyang\AppData\Local\arduino15\packages\Intel\hardware\arc32\1.0.5\variants\arduino_101\libarc32drv_arduino101.a(interrupt.o)
                0xa800e000                _IsrTable
 .data          0xa800e0d4      0x410 c:/users/dingyang/appdata/local/arduino15/packages/intel/tools/arc-elf32/1.6.4+1.0/bin/../lib/gcc/arc-elf32/4.8.3/../../../../arc-elf32/lib\libc.a(lib_a-mallocr.o)
                0xa800e0d4                __malloc_av_
                0xa800e4dc                __malloc_trim_threshold
                0xa800e4e0                __malloc_sbrk_base
 .data          0xa800e4e4      0x428 c:/users/dingyang/appdata/local/arduino15/packages/intel/tools/arc-elf32/1.6.4+1.0/bin/../lib/gcc/arc-elf32/4.8.3/../../../../arc-elf32/lib\libc.a(lib_a-impure.o)
                0xa800e908                _impure_ptr
 *(.data.*)
 .data.gpio_ports_devs
                0xa800e90c       0x30 C:\Users\Dingyang\AppData\Local\arduino15\packages\Intel\hardware\arc32\1.0.5\variants\arduino_101\libarc32drv_arduino101.a(soc_gpio.o)
 .data.gpio_ports_devs
                0xa800e93c       0x30 C:\Users\Dingyang\AppData\Local\arduino15\packages\Intel\hardware\arc32\1.0.5\variants\arduino_101\libarc32drv_arduino101.a(ss_gpio_iface.o)
 .data._readResolution
                0xa800e96c        0x4 C:\Users\Dingyang\AppData\Local\V.Micro\Arduino\Builds\servo_arm\Intel_intel_arc32_arduino_101/core.a(wiring_analog.c.o)
 .data.g_APinDescription
                0xa800e970      0x348 C:\Users\Dingyang\AppData\Local\V.Micro\Arduino\Builds\servo_arm\Intel_intel_arc32_arduino_101/core.a(variant.cpp.o)
                0xa800e970                g_APinDescription
                0xa800ecb8                __data_ram_end = .

bss             0xa800ecb8      0x968 load address 0x4003a964
                0xa800ecb8                . = ALIGN (0x4)
                0xa800ecb8                __bss_start = .
 *(.bss)
 .bss           0xa800ecb8       0x34 c:/users/dingyang/appdata/local/arduino15/packages/intel/tools/arc-elf32/1.6.4+1.0/bin/../lib/gcc/arc-elf32/4.8.3/../../../../arc-elf32/lib\libc.a(lib_a-mallocr.o)
                0xa800ecb8                __malloc_top_pad
                0xa800ecbc                __malloc_max_sbrked_mem
                0xa800ecc0                __malloc_max_total_mem
                0xa800ecc4                __malloc_current_mallinfo
 .bss           0xa800ecec        0x4 c:/users/dingyang/appdata/local/arduino15/packages/intel/tools/arc-elf32/1.6.4+1.0/bin/../lib/gcc/arc-elf32/4.8.3/../../../../arc-elf32/lib\libc.a(lib_a-sbrk.o)
 *(.bss.*)
 .bss.timer0_overflows
                0xa800ecf0        0x4 C:\Users\Dingyang\AppData\Local\arduino15\packages\Intel\hardware\arc32\1.0.5\variants\arduino_101\libarc32drv_arduino101.a(arcv2_timer0.o)
                0xa800ecf0                timer0_overflows
 .bss.ble_cfw_channel
                0xa800ecf4        0x4 C:\Users\Dingyang\AppData\Local\arduino15\packages\Intel\hardware\arc32\1.0.5\variants\arduino_101\libarc32drv_arduino101.a(ipc_uart_ns16550.o)
 .bss.ipc_uart_tx_state
                0xa800ecf8        0x1 C:\Users\Dingyang\AppData\Local\arduino15\packages\Intel\hardware\arc32\1.0.5\variants\arduino_101\libarc32drv_arduino101.a(ipc_uart_ns16550.o)
 *fill*         0xa800ecf9        0x3 
 .bss.ipc_uart_tx
                0xa800ecfc        0x4 C:\Users\Dingyang\AppData\Local\arduino15\packages\Intel\hardware\arc32\1.0.5\variants\arduino_101\libarc32drv_arduino101.a(ipc_uart_ns16550.o)
 .bss.uart      0xa800ed00       0x10 C:\Users\Dingyang\AppData\Local\arduino15\packages\Intel\hardware\arc32\1.0.5\variants\arduino_101\libarc32drv_arduino101.a(ns16550.o)
 .bss.soc_gpio_aon_cb
                0xa800ed10       0x18 C:\Users\Dingyang\AppData\Local\arduino15\packages\Intel\hardware\arc32\1.0.5\variants\arduino_101\libarc32drv_arduino101.a(soc_gpio.o)
 .bss.soc_gpio_32_cb
                0xa800ed28       0x80 C:\Users\Dingyang\AppData\Local\arduino15\packages\Intel\hardware\arc32\1.0.5\variants\arduino_101\libarc32drv_arduino101.a(soc_gpio.o)
 .bss.gpio_cfg  0xa800eda8       0x20 C:\Users\Dingyang\AppData\Local\arduino15\packages\Intel\hardware\arc32\1.0.5\variants\arduino_101\libarc32drv_arduino101.a(ss_gpio_iface.o)
 .bss.ss_gpio1_cb
                0xa800edc8       0x20 C:\Users\Dingyang\AppData\Local\arduino15\packages\Intel\hardware\arc32\1.0.5\variants\arduino_101\libarc32drv_arduino101.a(ss_gpio_iface.o)
 .bss.ss_gpio0_cb
                0xa800ede8       0x20 C:\Users\Dingyang\AppData\Local\arduino15\packages\Intel\hardware\arc32\1.0.5\variants\arduino_101\libarc32drv_arduino101.a(ss_gpio_iface.o)
 .bss.service_mgr_queue
                0xa800ee08        0x4 C:\Users\Dingyang\AppData\Local\arduino15\packages\Intel\hardware\arc32\1.0.5\variants\arduino_101\libarc32drv_arduino101.a(cfw_platform.o)
 .bss.service_avail_listeners
                0xa800ee0c        0x8 C:\Users\Dingyang\AppData\Local\arduino15\packages\Intel\hardware\arc32\1.0.5\variants\arduino_101\libarc32drv_arduino101.a(service_manager.o)
                0xa800ee0c                service_avail_listeners
 .bss.proxies   0xa800ee14       0x10 C:\Users\Dingyang\AppData\Local\arduino15\packages\Intel\hardware\arc32\1.0.5\variants\arduino_101\libarc32drv_arduino101.a(service_manager.o)
 .bss.service_mgr_port_id
                0xa800ee24        0x4 C:\Users\Dingyang\AppData\Local\arduino15\packages\Intel\hardware\arc32\1.0.5\variants\arduino_101\libarc32drv_arduino101.a(service_manager.o)
                0xa800ee24                service_mgr_port_id
 .bss.registered_service_count
                0xa800ee28        0x4 C:\Users\Dingyang\AppData\Local\arduino15\packages\Intel\hardware\arc32\1.0.5\variants\arduino_101\libarc32drv_arduino101.a(service_manager.o)
 .bss.ipc_mutex
                0xa800ee2c        0x4 C:\Users\Dingyang\AppData\Local\arduino15\packages\Intel\hardware\arc32\1.0.5\variants\arduino_101\libarc32drv_arduino101.a(ipc.o)
 .bss.remote_cpu
                0xa800ee30        0x1 C:\Users\Dingyang\AppData\Local\arduino15\packages\Intel\hardware\arc32\1.0.5\variants\arduino_101\libarc32drv_arduino101.a(ipc.o)
 *fill*         0xa800ee31        0x3 
 .bss.rx_ack_chan
                0xa800ee34        0x4 C:\Users\Dingyang\AppData\Local\arduino15\packages\Intel\hardware\arc32\1.0.5\variants\arduino_101\libarc32drv_arduino101.a(ipc.o)
 .bss.tx_ack_chan
                0xa800ee38        0x4 C:\Users\Dingyang\AppData\Local\arduino15\packages\Intel\hardware\arc32\1.0.5\variants\arduino_101\libarc32drv_arduino101.a(ipc.o)
 .bss.tx_chan   0xa800ee3c        0x4 C:\Users\Dingyang\AppData\Local\arduino15\packages\Intel\hardware\arc32\1.0.5\variants\arduino_101\libarc32drv_arduino101.a(ipc.o)
 .bss.rx_chan   0xa800ee40        0x4 C:\Users\Dingyang\AppData\Local\arduino15\packages\Intel\hardware\arc32\1.0.5\variants\arduino_101\libarc32drv_arduino101.a(ipc.o)
 .bss.global_infos
                0xa800ee44       0x33 C:\Users\Dingyang\AppData\Local\arduino15\packages\Intel\hardware\arc32\1.0.5\variants\arduino_101\libarc32drv_arduino101.a(log.o)
 *fill*         0xa800ee77        0x1 
 .bss.registered_port_count
                0xa800ee78        0x4 C:\Users\Dingyang\AppData\Local\arduino15\packages\Intel\hardware\arc32\1.0.5\variants\arduino_101\libarc32drv_arduino101.a(port.o)
 .bss.ports     0xa800ee7c      0x320 C:\Users\Dingyang\AppData\Local\arduino15\packages\Intel\hardware\arc32\1.0.5\variants\arduino_101\libarc32drv_arduino101.a(port.o)
 .bss.this_cpu_id
                0xa800f19c        0x1 C:\Users\Dingyang\AppData\Local\arduino15\packages\Intel\hardware\arc32\1.0.5\variants\arduino_101\libarc32drv_arduino101.a(port.o)
 *fill*         0xa800f19d        0x3 
 .bss.max_3     0xa800f1a0        0x4 C:\Users\Dingyang\AppData\Local\V.Micro\Arduino\Builds\servo_arm\Intel_intel_arc32_arduino_101\servo_arm.cpp.o
                0xa800f1a0                max_3
 .bss.min_3     0xa800f1a4        0x4 C:\Users\Dingyang\AppData\Local\V.Micro\Arduino\Builds\servo_arm\Intel_intel_arc32_arduino_101\servo_arm.cpp.o
                0xa800f1a4                min_3
 .bss.max_2     0xa800f1a8        0x4 C:\Users\Dingyang\AppData\Local\V.Micro\Arduino\Builds\servo_arm\Intel_intel_arc32_arduino_101\servo_arm.cpp.o
                0xa800f1a8                max_2
 .bss.min_2     0xa800f1ac        0x4 C:\Users\Dingyang\AppData\Local\V.Micro\Arduino\Builds\servo_arm\Intel_intel_arc32_arduino_101\servo_arm.cpp.o
                0xa800f1ac                min_2
 .bss.max_1     0xa800f1b0        0x4 C:\Users\Dingyang\AppData\Local\V.Micro\Arduino\Builds\servo_arm\Intel_intel_arc32_arduino_101\servo_arm.cpp.o
                0xa800f1b0                max_1
 .bss.min_1     0xa800f1b4        0x4 C:\Users\Dingyang\AppData\Local\V.Micro\Arduino\Builds\servo_arm\Intel_intel_arc32_arduino_101\servo_arm.cpp.o
                0xa800f1b4                min_1
 .bss.max_0     0xa800f1b8        0x4 C:\Users\Dingyang\AppData\Local\V.Micro\Arduino\Builds\servo_arm\Intel_intel_arc32_arduino_101\servo_arm.cpp.o
                0xa800f1b8                max_0
 .bss.min_0     0xa800f1bc        0x4 C:\Users\Dingyang\AppData\Local\V.Micro\Arduino\Builds\servo_arm\Intel_intel_arc32_arduino_101\servo_arm.cpp.o
                0xa800f1bc                min_0
 .bss.bottom_pressed
                0xa800f1c0        0x1 C:\Users\Dingyang\AppData\Local\V.Micro\Arduino\Builds\servo_arm\Intel_intel_arc32_arduino_101\servo_arm.cpp.o
                0xa800f1c0                bottom_pressed
 .bss.bottom    0xa800f1c1        0x1 C:\Users\Dingyang\AppData\Local\V.Micro\Arduino\Builds\servo_arm\Intel_intel_arc32_arduino_101\servo_arm.cpp.o
                0xa800f1c1                bottom
 *fill*         0xa800f1c2        0x2 
 .bss.read_Servo4
                0xa800f1c4        0x4 C:\Users\Dingyang\AppData\Local\V.Micro\Arduino\Builds\servo_arm\Intel_intel_arc32_arduino_101\servo_arm.cpp.o
                0xa800f1c4                read_Servo4
 .bss.read_Servo3
                0xa800f1c8        0x4 C:\Users\Dingyang\AppData\Local\V.Micro\Arduino\Builds\servo_arm\Intel_intel_arc32_arduino_101\servo_arm.cpp.o
                0xa800f1c8                read_Servo3
 .bss.read_Servo2
                0xa800f1cc        0x4 C:\Users\Dingyang\AppData\Local\V.Micro\Arduino\Builds\servo_arm\Intel_intel_arc32_arduino_101\servo_arm.cpp.o
                0xa800f1cc                read_Servo2
 .bss.read_Servo1
                0xa800f1d0        0x4 C:\Users\Dingyang\AppData\Local\V.Micro\Arduino\Builds\servo_arm\Intel_intel_arc32_arduino_101\servo_arm.cpp.o
                0xa800f1d0                read_Servo1
 .bss.read_Servo0
                0xa800f1d4        0x4 C:\Users\Dingyang\AppData\Local\V.Micro\Arduino\Builds\servo_arm\Intel_intel_arc32_arduino_101\servo_arm.cpp.o
                0xa800f1d4                read_Servo0
 .bss.pos       0xa800f1d8        0x4 C:\Users\Dingyang\AppData\Local\V.Micro\Arduino\Builds\servo_arm\Intel_intel_arc32_arduino_101\servo_arm.cpp.o
                0xa800f1d8                pos
 .bss.addr      0xa800f1dc        0x4 C:\Users\Dingyang\AppData\Local\V.Micro\Arduino\Builds\servo_arm\Intel_intel_arc32_arduino_101\servo_arm.cpp.o
                0xa800f1dc                addr
 .bss.myservo4  0xa800f1e0        0xc C:\Users\Dingyang\AppData\Local\V.Micro\Arduino\Builds\servo_arm\Intel_intel_arc32_arduino_101\servo_arm.cpp.o
                0xa800f1e0                myservo4
 .bss.myservo3  0xa800f1ec        0xc C:\Users\Dingyang\AppData\Local\V.Micro\Arduino\Builds\servo_arm\Intel_intel_arc32_arduino_101\servo_arm.cpp.o
                0xa800f1ec                myservo3
 .bss.myservo2  0xa800f1f8        0xc C:\Users\Dingyang\AppData\Local\V.Micro\Arduino\Builds\servo_arm\Intel_intel_arc32_arduino_101\servo_arm.cpp.o
                0xa800f1f8                myservo2
 .bss.myservo1  0xa800f204        0xc C:\Users\Dingyang\AppData\Local\V.Micro\Arduino\Builds\servo_arm\Intel_intel_arc32_arduino_101\servo_arm.cpp.o
                0xa800f204                myservo1
 .bss.myservo0  0xa800f210        0xc C:\Users\Dingyang\AppData\Local\V.Micro\Arduino\Builds\servo_arm\Intel_intel_arc32_arduino_101\servo_arm.cpp.o
                0xa800f210                myservo0
 .bss.EEPROM    0xa800f21c        0x1 C:\Users\Dingyang\AppData\Local\V.Micro\Arduino\Builds\servo_arm\Intel_intel_arc32_arduino_101\CurieEEPROM\CurieEEPROM.cpp.o
                0xa800f21c                EEPROM
 *fill*         0xa800f21d        0x3 
 .bss._ZZL16timer1_isr_servovE11total_count
                0xa800f220        0x4 C:\Users\Dingyang\AppData\Local\V.Micro\Arduino\Builds\servo_arm\Intel_intel_arc32_arduino_101\Servo\Servo.cpp.o
 .bss._ZL10ServoCount
                0xa800f224        0x4 C:\Users\Dingyang\AppData\Local\V.Micro\Arduino\Builds\servo_arm\Intel_intel_arc32_arduino_101\Servo\Servo.cpp.o
 .bss._ZL7Channel
                0xa800f228        0x4 C:\Users\Dingyang\AppData\Local\V.Micro\Arduino\Builds\servo_arm\Intel_intel_arc32_arduino_101\Servo\Servo.cpp.o
 .bss._ZL6servos
                0xa800f22c       0x60 C:\Users\Dingyang\AppData\Local\V.Micro\Arduino\Builds\servo_arm\Intel_intel_arc32_arduino_101\Servo\Servo.cpp.o
 .bss.noInterrupts_executed
                0xa800f28c        0x4 C:\Users\Dingyang\AppData\Local\V.Micro\Arduino\Builds\servo_arm\Intel_intel_arc32_arduino_101/core.a(WInterrupts.c.o)
 .bss.irq_flags
                0xa800f290        0x4 C:\Users\Dingyang\AppData\Local\V.Micro\Arduino\Builds\servo_arm\Intel_intel_arc32_arduino_101/core.a(WInterrupts.c.o)
 .bss.Serial1   0xa800f294       0x24 C:\Users\Dingyang\AppData\Local\V.Micro\Arduino\Builds\servo_arm\Intel_intel_arc32_arduino_101/core.a(variant.cpp.o)
                0xa800f294                Serial1
 .bss.info_uart
                0xa800f2b8       0x10 C:\Users\Dingyang\AppData\Local\V.Micro\Arduino\Builds\servo_arm\Intel_intel_arc32_arduino_101/core.a(variant.cpp.o)
                0xa800f2b8                info_uart
 .bss.tx_buffer_uart
                0xa800f2c8      0x10c C:\Users\Dingyang\AppData\Local\V.Micro\Arduino\Builds\servo_arm\Intel_intel_arc32_arduino_101/core.a(variant.cpp.o)
                0xa800f2c8                tx_buffer_uart
 .bss.rx_buffer_uart
                0xa800f3d4      0x10c C:\Users\Dingyang\AppData\Local\V.Micro\Arduino\Builds\servo_arm\Intel_intel_arc32_arduino_101/core.a(variant.cpp.o)
                0xa800f3d4                rx_buffer_uart
 .bss.Serial    0xa800f4e0       0x28 C:\Users\Dingyang\AppData\Local\V.Micro\Arduino\Builds\servo_arm\Intel_intel_arc32_arduino_101/core.a(variant.cpp.o)
                0xa800f4e0                Serial
 .bss.info_cdc  0xa800f508       0x10 C:\Users\Dingyang\AppData\Local\V.Micro\Arduino\Builds\servo_arm\Intel_intel_arc32_arduino_101/core.a(variant.cpp.o)
                0xa800f508                info_cdc
 *(COMMON)
 COMMON         0xa800f518       0x48 C:\Users\Dingyang\AppData\Local\arduino15\packages\Intel\hardware\arc32\1.0.5\variants\arduino_101\libarc32drv_arduino101.a(service_manager.o)
                0xa800f518                services
                0xa800f558                registered_evt_list
 COMMON         0xa800f560       0x20 C:\Users\Dingyang\AppData\Local\arduino15\packages\Intel\hardware\arc32\1.0.5\variants\arduino_101\libarc32drv_arduino101.a(port.o)
                0xa800f560                ipc_handler
 COMMON         0xa800f580       0xa0 C:\Users\Dingyang\AppData\Local\arduino15\packages\Intel\hardware\arc32\1.0.5\variants\arduino_101\libarc32drv_arduino101.a(os.o)
                0xa800f580                q_pool
                0xa800f620                __bss_end = ALIGN (0x4)

noinit
 *(.noinit)
 *(.noinit.*)
 *(.seg_rxtx)
 *(.seg_rxtx.*)

heap            0xa800f620     0x2000 load address 0x4003b2cc
                0xa800f620                . = ALIGN (0x4)
                0xa800f620                __start_heap = .
                0xa8011620                . = (. + __HEAP_SIZE_MIN)
 *fill*         0xa800f620     0x2000 
                0xa8012000                __end_heap = ALIGN (__PAGE_SIZE)

stack           0xa8011620      0xa00 load address 0x4003d2cc
                0xa8011820                . = (. + __firq_stack_size)
 *fill*         0xa8011620      0x200 
                0xa8011820                . = ALIGN (0x4)
                0xa8011820                __firq_stack_start = .
                0xa8012020                . = (. + __stack_size)
 *fill*         0xa8011820      0x800 
                0xa8012020                . = ALIGN (0x4)
                0xa8012020                __stack_start = .
                0xa8012020                _end = .
END GROUP
OUTPUT(C:\Users\Dingyang\AppData\Local\V.Micro\Arduino\Builds\servo_arm\Intel_intel_arc32_arduino_101/servo_arm.ino.elf elf32-littlearc)

.debug_frame    0x00000000     0x35dc
 .debug_frame   0x00000000       0x44 C:\Users\Dingyang\AppData\Local\arduino15\packages\Intel\hardware\arc32\1.0.5\variants\arduino_101\libarc32drv_arduino101.a(c_init.o)
 .debug_frame   0x00000044       0xf0 C:\Users\Dingyang\AppData\Local\arduino15\packages\Intel\hardware\arc32\1.0.5\variants\arduino_101\libarc32drv_arduino101.a(interrupt.o)
 .debug_frame   0x00000134       0x5c C:\Users\Dingyang\AppData\Local\arduino15\packages\Intel\hardware\arc32\1.0.5\variants\arduino_101\libarc32drv_arduino101.a(arcv2_timer0.o)
 .debug_frame   0x00000190      0x1c0 C:\Users\Dingyang\AppData\Local\arduino15\packages\Intel\hardware\arc32\1.0.5\variants\arduino_101\libarc32drv_arduino101.a(ipc_uart_ns16550.o)
 .debug_frame   0x00000350      0x2e0 C:\Users\Dingyang\AppData\Local\arduino15\packages\Intel\hardware\arc32\1.0.5\variants\arduino_101\libarc32drv_arduino101.a(ns16550.o)
 .debug_frame   0x00000630      0x260 C:\Users\Dingyang\AppData\Local\arduino15\packages\Intel\hardware\arc32\1.0.5\variants\arduino_101\libarc32drv_arduino101.a(soc_gpio.o)
 .debug_frame   0x00000890      0x1b8 C:\Users\Dingyang\AppData\Local\arduino15\packages\Intel\hardware\arc32\1.0.5\variants\arduino_101\libarc32drv_arduino101.a(ss_gpio_iface.o)
 .debug_frame   0x00000a48       0xfc C:\Users\Dingyang\AppData\Local\arduino15\packages\Intel\hardware\arc32\1.0.5\variants\arduino_101\libarc32drv_arduino101.a(cfw_platform.o)
 .debug_frame   0x00000b44      0x120 C:\Users\Dingyang\AppData\Local\arduino15\packages\Intel\hardware\arc32\1.0.5\variants\arduino_101\libarc32drv_arduino101.a(nordic_interface.o)
 .debug_frame   0x00000c64      0x134 C:\Users\Dingyang\AppData\Local\arduino15\packages\Intel\hardware\arc32\1.0.5\variants\arduino_101\libarc32drv_arduino101.a(client_api.o)
 .debug_frame   0x00000d98      0x230 C:\Users\Dingyang\AppData\Local\arduino15\packages\Intel\hardware\arc32\1.0.5\variants\arduino_101\libarc32drv_arduino101.a(service_api.o)
 .debug_frame   0x00000fc8      0x3cc C:\Users\Dingyang\AppData\Local\arduino15\packages\Intel\hardware\arc32\1.0.5\variants\arduino_101\libarc32drv_arduino101.a(service_manager.o)
 .debug_frame   0x00001394      0x170 C:\Users\Dingyang\AppData\Local\arduino15\packages\Intel\hardware\arc32\1.0.5\variants\arduino_101\libarc32drv_arduino101.a(ipc.o)
 .debug_frame   0x00001504       0x44 C:\Users\Dingyang\AppData\Local\arduino15\packages\Intel\hardware\arc32\1.0.5\variants\arduino_101\libarc32drv_arduino101.a(ipc_callback.o)
 .debug_frame   0x00001548      0x194 C:\Users\Dingyang\AppData\Local\arduino15\packages\Intel\hardware\arc32\1.0.5\variants\arduino_101\libarc32drv_arduino101.a(log.o)
 .debug_frame   0x000016dc       0x90 C:\Users\Dingyang\AppData\Local\arduino15\packages\Intel\hardware\arc32\1.0.5\variants\arduino_101\libarc32drv_arduino101.a(log_impl_printk.o)
 .debug_frame   0x0000176c      0x338 C:\Users\Dingyang\AppData\Local\arduino15\packages\Intel\hardware\arc32\1.0.5\variants\arduino_101\libarc32drv_arduino101.a(port.o)
 .debug_frame   0x00001aa4       0x50 C:\Users\Dingyang\AppData\Local\arduino15\packages\Intel\hardware\arc32\1.0.5\variants\arduino_101\libarc32drv_arduino101.a(uptime.o)
 .debug_frame   0x00001af4      0x16c C:\Users\Dingyang\AppData\Local\arduino15\packages\Intel\hardware\arc32\1.0.5\variants\arduino_101\libarc32drv_arduino101.a(list.o)
 .debug_frame   0x00001c60      0x254 C:\Users\Dingyang\AppData\Local\arduino15\packages\Intel\hardware\arc32\1.0.5\variants\arduino_101\libarc32drv_arduino101.a(os.o)
 .debug_frame   0x00001eb4      0x2c4 C:\Users\Dingyang\AppData\Local\V.Micro\Arduino\Builds\servo_arm\Intel_intel_arc32_arduino_101\servo_arm.cpp.o
 .debug_frame   0x00002178      0x198 C:\Users\Dingyang\AppData\Local\V.Micro\Arduino\Builds\servo_arm\Intel_intel_arc32_arduino_101\CurieEEPROM\CurieEEPROM.cpp.o
 .debug_frame   0x00002310      0x1e8 C:\Users\Dingyang\AppData\Local\V.Micro\Arduino\Builds\servo_arm\Intel_intel_arc32_arduino_101\Servo\Servo.cpp.o
 .debug_frame   0x000024f8       0xa4 C:\Users\Dingyang\AppData\Local\V.Micro\Arduino\Builds\servo_arm\Intel_intel_arc32_arduino_101/core.a(WInterrupts.c.o)
 .debug_frame   0x0000259c       0x9c C:\Users\Dingyang\AppData\Local\V.Micro\Arduino\Builds\servo_arm\Intel_intel_arc32_arduino_101/core.a(wiring.c.o)
 .debug_frame   0x00002638       0xa4 C:\Users\Dingyang\AppData\Local\V.Micro\Arduino\Builds\servo_arm\Intel_intel_arc32_arduino_101/core.a(wiring_analog.c.o)
 .debug_frame   0x000026dc       0x70 C:\Users\Dingyang\AppData\Local\V.Micro\Arduino\Builds\servo_arm\Intel_intel_arc32_arduino_101/core.a(wiring_digital.c.o)
 .debug_frame   0x0000274c      0x1d8 C:\Users\Dingyang\AppData\Local\V.Micro\Arduino\Builds\servo_arm\Intel_intel_arc32_arduino_101/core.a(CDCSerialClass.cpp.o)
 .debug_frame   0x00002924       0x64 C:\Users\Dingyang\AppData\Local\V.Micro\Arduino\Builds\servo_arm\Intel_intel_arc32_arduino_101/core.a(main.cpp.o)
 .debug_frame   0x00002988      0x5d4 C:\Users\Dingyang\AppData\Local\V.Micro\Arduino\Builds\servo_arm\Intel_intel_arc32_arduino_101/core.a(Print.cpp.o)
 .debug_frame   0x00002f5c      0x10c C:\Users\Dingyang\AppData\Local\V.Micro\Arduino\Builds\servo_arm\Intel_intel_arc32_arduino_101/core.a(WMath.cpp.o)
 .debug_frame   0x00003068      0x1ac C:\Users\Dingyang\AppData\Local\V.Micro\Arduino\Builds\servo_arm\Intel_intel_arc32_arduino_101/core.a(variant.cpp.o)
 .debug_frame   0x00003214       0x70 C:\Users\Dingyang\AppData\Local\V.Micro\Arduino\Builds\servo_arm\Intel_intel_arc32_arduino_101/core.a(hooks.c.o)
 .debug_frame   0x00003284       0x64 C:\Users\Dingyang\AppData\Local\V.Micro\Arduino\Builds\servo_arm\Intel_intel_arc32_arduino_101/core.a(RingBuffer.cpp.o)
 .debug_frame   0x000032e8      0x2a8 C:\Users\Dingyang\AppData\Local\V.Micro\Arduino\Builds\servo_arm\Intel_intel_arc32_arduino_101/core.a(UARTClass.cpp.o)
 .debug_frame   0x00003590       0x4c c:/users/dingyang/appdata/local/arduino15/packages/intel/tools/arc-elf32/1.6.4+1.0/bin/../lib/gcc/arc-elf32/4.8.3\libgcc.a(_udivdi3.o)

.debug_info     0x00000000    0x17817
 .debug_info    0x00000000      0x1e7 C:\Users\Dingyang\AppData\Local\arduino15\packages\Intel\hardware\arc32\1.0.5\variants\arduino_101\libarc32drv_arduino101.a(c_init.o)
 .debug_info    0x000001e7      0x329 C:\Users\Dingyang\AppData\Local\arduino15\packages\Intel\hardware\arc32\1.0.5\variants\arduino_101\libarc32drv_arduino101.a(interrupt.o)
 .debug_info    0x00000510      0x15a C:\Users\Dingyang\AppData\Local\arduino15\packages\Intel\hardware\arc32\1.0.5\variants\arduino_101\libarc32drv_arduino101.a(version.o)
 .debug_info    0x0000066a      0x137 C:\Users\Dingyang\AppData\Local\arduino15\packages\Intel\hardware\arc32\1.0.5\variants\arduino_101\libarc32drv_arduino101.a(arcv2_timer0.o)
 .debug_info    0x000007a1      0xd6e C:\Users\Dingyang\AppData\Local\arduino15\packages\Intel\hardware\arc32\1.0.5\variants\arduino_101\libarc32drv_arduino101.a(ipc_uart_ns16550.o)
 .debug_info    0x0000150f      0xc09 C:\Users\Dingyang\AppData\Local\arduino15\packages\Intel\hardware\arc32\1.0.5\variants\arduino_101\libarc32drv_arduino101.a(ns16550.o)
 .debug_info    0x00002118      0xd46 C:\Users\Dingyang\AppData\Local\arduino15\packages\Intel\hardware\arc32\1.0.5\variants\arduino_101\libarc32drv_arduino101.a(soc_gpio.o)
 .debug_info    0x00002e5e      0xa61 C:\Users\Dingyang\AppData\Local\arduino15\packages\Intel\hardware\arc32\1.0.5\variants\arduino_101\libarc32drv_arduino101.a(ss_gpio_iface.o)
 .debug_info    0x000038bf      0x716 C:\Users\Dingyang\AppData\Local\arduino15\packages\Intel\hardware\arc32\1.0.5\variants\arduino_101\libarc32drv_arduino101.a(cfw_platform.o)
 .debug_info    0x00003fd5      0xc8d C:\Users\Dingyang\AppData\Local\arduino15\packages\Intel\hardware\arc32\1.0.5\variants\arduino_101\libarc32drv_arduino101.a(nordic_interface.o)
 .debug_info    0x00004c62      0x84f C:\Users\Dingyang\AppData\Local\arduino15\packages\Intel\hardware\arc32\1.0.5\variants\arduino_101\libarc32drv_arduino101.a(client_api.o)
 .debug_info    0x000054b1      0xc5d C:\Users\Dingyang\AppData\Local\arduino15\packages\Intel\hardware\arc32\1.0.5\variants\arduino_101\libarc32drv_arduino101.a(service_api.o)
 .debug_info    0x0000610e     0x1656 C:\Users\Dingyang\AppData\Local\arduino15\packages\Intel\hardware\arc32\1.0.5\variants\arduino_101\libarc32drv_arduino101.a(service_manager.o)
 .debug_info    0x00007764      0x866 C:\Users\Dingyang\AppData\Local\arduino15\packages\Intel\hardware\arc32\1.0.5\variants\arduino_101\libarc32drv_arduino101.a(ipc.o)
 .debug_info    0x00007fca      0x292 C:\Users\Dingyang\AppData\Local\arduino15\packages\Intel\hardware\arc32\1.0.5\variants\arduino_101\libarc32drv_arduino101.a(ipc_callback.o)
 .debug_info    0x0000825c      0x518 C:\Users\Dingyang\AppData\Local\arduino15\packages\Intel\hardware\arc32\1.0.5\variants\arduino_101\libarc32drv_arduino101.a(log.o)
 .debug_info    0x00008774      0x182 C:\Users\Dingyang\AppData\Local\arduino15\packages\Intel\hardware\arc32\1.0.5\variants\arduino_101\libarc32drv_arduino101.a(log_impl_printk.o)
 .debug_info    0x000088f6      0xa9e C:\Users\Dingyang\AppData\Local\arduino15\packages\Intel\hardware\arc32\1.0.5\variants\arduino_101\libarc32drv_arduino101.a(port.o)
 .debug_info    0x00009394       0xc9 C:\Users\Dingyang\AppData\Local\arduino15\packages\Intel\hardware\arc32\1.0.5\variants\arduino_101\libarc32drv_arduino101.a(uptime.o)
 .debug_info    0x0000945d      0x4f8 C:\Users\Dingyang\AppData\Local\arduino15\packages\Intel\hardware\arc32\1.0.5\variants\arduino_101\libarc32drv_arduino101.a(list.o)
 .debug_info    0x00009955      0x7fe C:\Users\Dingyang\AppData\Local\arduino15\packages\Intel\hardware\arc32\1.0.5\variants\arduino_101\libarc32drv_arduino101.a(os.o)
 .debug_info    0x0000a153       0xea C:\Users\Dingyang\AppData\Local\arduino15\packages\Intel\hardware\arc32\1.0.5\variants\arduino_101\libarc32drv_arduino101.a(init.o)
 .debug_info    0x0000a23d       0xc9 c:/users/dingyang/appdata/local/arduino15/packages/intel/tools/arc-elf32/1.6.4+1.0/bin/../lib/gcc/arc-elf32/4.8.3\libgcc.a(_udivsi3.o)
 .debug_info    0x0000a306       0xc9 c:/users/dingyang/appdata/local/arduino15/packages/intel/tools/arc-elf32/1.6.4+1.0/bin/../lib/gcc/arc-elf32/4.8.3\libgcc.a(_umodsi3.o)
 .debug_info    0x0000a3cf       0xc9 c:/users/dingyang/appdata/local/arduino15/packages/intel/tools/arc-elf32/1.6.4+1.0/bin/../lib/gcc/arc-elf32/4.8.3\libgcc.a(_divmod_tools.o)
 .debug_info    0x0000a498       0xc9 c:/users/dingyang/appdata/local/arduino15/packages/intel/tools/arc-elf32/1.6.4+1.0/bin/../lib/gcc/arc-elf32/4.8.3\libgcc.a(_millicodethunk_st.o)
 .debug_info    0x0000a561       0xc9 c:/users/dingyang/appdata/local/arduino15/packages/intel/tools/arc-elf32/1.6.4+1.0/bin/../lib/gcc/arc-elf32/4.8.3\libgcc.a(_millicodethunk_ld.o)
 .debug_info    0x0000a62a       0xc9 c:/users/dingyang/appdata/local/arduino15/packages/intel/tools/arc-elf32/1.6.4+1.0/bin/../lib/gcc/arc-elf32/4.8.3\libgcc.a(_millicodethunk_ret.o)
 .debug_info    0x0000a6f3     0x1d83 C:\Users\Dingyang\AppData\Local\V.Micro\Arduino\Builds\servo_arm\Intel_intel_arc32_arduino_101\servo_arm.cpp.o
 .debug_info    0x0000c476      0x996 C:\Users\Dingyang\AppData\Local\V.Micro\Arduino\Builds\servo_arm\Intel_intel_arc32_arduino_101\CurieEEPROM\CurieEEPROM.cpp.o
 .debug_info    0x0000ce0c      0x986 C:\Users\Dingyang\AppData\Local\V.Micro\Arduino\Builds\servo_arm\Intel_intel_arc32_arduino_101\Servo\Servo.cpp.o
 .debug_info    0x0000d792      0x5dc C:\Users\Dingyang\AppData\Local\V.Micro\Arduino\Builds\servo_arm\Intel_intel_arc32_arduino_101/core.a(WInterrupts.c.o)
 .debug_info    0x0000dd6e      0x4fd C:\Users\Dingyang\AppData\Local\V.Micro\Arduino\Builds\servo_arm\Intel_intel_arc32_arduino_101/core.a(wiring.c.o)
 .debug_info    0x0000e26b      0x5c1 C:\Users\Dingyang\AppData\Local\V.Micro\Arduino\Builds\servo_arm\Intel_intel_arc32_arduino_101/core.a(wiring_analog.c.o)
 .debug_info    0x0000e82c      0x58b C:\Users\Dingyang\AppData\Local\V.Micro\Arduino\Builds\servo_arm\Intel_intel_arc32_arduino_101/core.a(wiring_digital.c.o)
 .debug_info    0x0000edb7     0x20e6 C:\Users\Dingyang\AppData\Local\V.Micro\Arduino\Builds\servo_arm\Intel_intel_arc32_arduino_101/core.a(CDCSerialClass.cpp.o)
 .debug_info    0x00010e9d      0x25a C:\Users\Dingyang\AppData\Local\V.Micro\Arduino\Builds\servo_arm\Intel_intel_arc32_arduino_101/core.a(main.cpp.o)
 .debug_info    0x000110f7     0x2aa5 C:\Users\Dingyang\AppData\Local\V.Micro\Arduino\Builds\servo_arm\Intel_intel_arc32_arduino_101/core.a(Print.cpp.o)
 .debug_info    0x00013b9c      0x252 C:\Users\Dingyang\AppData\Local\V.Micro\Arduino\Builds\servo_arm\Intel_intel_arc32_arduino_101/core.a(WMath.cpp.o)
 .debug_info    0x00013dee      0xaee C:\Users\Dingyang\AppData\Local\V.Micro\Arduino\Builds\servo_arm\Intel_intel_arc32_arduino_101/core.a(variant.cpp.o)
 .debug_info    0x000148dc       0x60 C:\Users\Dingyang\AppData\Local\V.Micro\Arduino\Builds\servo_arm\Intel_intel_arc32_arduino_101/core.a(hooks.c.o)
 .debug_info    0x0001493c      0x208 C:\Users\Dingyang\AppData\Local\V.Micro\Arduino\Builds\servo_arm\Intel_intel_arc32_arduino_101/core.a(RingBuffer.cpp.o)
 .debug_info    0x00014b44     0x2382 C:\Users\Dingyang\AppData\Local\V.Micro\Arduino\Builds\servo_arm\Intel_intel_arc32_arduino_101/core.a(UARTClass.cpp.o)
 .debug_info    0x00016ec6       0xc9 c:/users/dingyang/appdata/local/arduino15/packages/intel/tools/arc-elf32/1.6.4+1.0/bin/../lib/gcc/arc-elf32/4.8.3\libgcc.a(_divsi3.o)
 .debug_info    0x00016f8f       0xc9 c:/users/dingyang/appdata/local/arduino15/packages/intel/tools/arc-elf32/1.6.4+1.0/bin/../lib/gcc/arc-elf32/4.8.3\libgcc.a(_modsi3.o)
 .debug_info    0x00017058      0x6f8 c:/users/dingyang/appdata/local/arduino15/packages/intel/tools/arc-elf32/1.6.4+1.0/bin/../lib/gcc/arc-elf32/4.8.3\libgcc.a(_udivdi3.o)
 .debug_info    0x00017750       0xc7 c:/users/dingyang/appdata/local/arduino15/packages/intel/tools/arc-elf32/1.6.4+1.0/bin/../lib/gcc/arc-elf32/4.8.3\libgcc.a(_clz.o)

.debug_abbrev   0x00000000     0x561c
 .debug_abbrev  0x00000000      0x145 C:\Users\Dingyang\AppData\Local\arduino15\packages\Intel\hardware\arc32\1.0.5\variants\arduino_101\libarc32drv_arduino101.a(c_init.o)
 .debug_abbrev  0x00000145      0x176 C:\Users\Dingyang\AppData\Local\arduino15\packages\Intel\hardware\arc32\1.0.5\variants\arduino_101\libarc32drv_arduino101.a(interrupt.o)
 .debug_abbrev  0x000002bb       0x7b C:\Users\Dingyang\AppData\Local\arduino15\packages\Intel\hardware\arc32\1.0.5\variants\arduino_101\libarc32drv_arduino101.a(version.o)
 .debug_abbrev  0x00000336      0x119 C:\Users\Dingyang\AppData\Local\arduino15\packages\Intel\hardware\arc32\1.0.5\variants\arduino_101\libarc32drv_arduino101.a(arcv2_timer0.o)
 .debug_abbrev  0x0000044f      0x33e C:\Users\Dingyang\AppData\Local\arduino15\packages\Intel\hardware\arc32\1.0.5\variants\arduino_101\libarc32drv_arduino101.a(ipc_uart_ns16550.o)
 .debug_abbrev  0x0000078d      0x283 C:\Users\Dingyang\AppData\Local\arduino15\packages\Intel\hardware\arc32\1.0.5\variants\arduino_101\libarc32drv_arduino101.a(ns16550.o)
 .debug_abbrev  0x00000a10      0x32e C:\Users\Dingyang\AppData\Local\arduino15\packages\Intel\hardware\arc32\1.0.5\variants\arduino_101\libarc32drv_arduino101.a(soc_gpio.o)
 .debug_abbrev  0x00000d3e      0x2cd C:\Users\Dingyang\AppData\Local\arduino15\packages\Intel\hardware\arc32\1.0.5\variants\arduino_101\libarc32drv_arduino101.a(ss_gpio_iface.o)
 .debug_abbrev  0x0000100b      0x26b C:\Users\Dingyang\AppData\Local\arduino15\packages\Intel\hardware\arc32\1.0.5\variants\arduino_101\libarc32drv_arduino101.a(cfw_platform.o)
 .debug_abbrev  0x00001276      0x269 C:\Users\Dingyang\AppData\Local\arduino15\packages\Intel\hardware\arc32\1.0.5\variants\arduino_101\libarc32drv_arduino101.a(nordic_interface.o)
 .debug_abbrev  0x000014df      0x244 C:\Users\Dingyang\AppData\Local\arduino15\packages\Intel\hardware\arc32\1.0.5\variants\arduino_101\libarc32drv_arduino101.a(client_api.o)
 .debug_abbrev  0x00001723      0x26f C:\Users\Dingyang\AppData\Local\arduino15\packages\Intel\hardware\arc32\1.0.5\variants\arduino_101\libarc32drv_arduino101.a(service_api.o)
 .debug_abbrev  0x00001992      0x42b C:\Users\Dingyang\AppData\Local\arduino15\packages\Intel\hardware\arc32\1.0.5\variants\arduino_101\libarc32drv_arduino101.a(service_manager.o)
 .debug_abbrev  0x00001dbd      0x255 C:\Users\Dingyang\AppData\Local\arduino15\packages\Intel\hardware\arc32\1.0.5\variants\arduino_101\libarc32drv_arduino101.a(ipc.o)
 .debug_abbrev  0x00002012      0x160 C:\Users\Dingyang\AppData\Local\arduino15\packages\Intel\hardware\arc32\1.0.5\variants\arduino_101\libarc32drv_arduino101.a(ipc_callback.o)
 .debug_abbrev  0x00002172      0x1a0 C:\Users\Dingyang\AppData\Local\arduino15\packages\Intel\hardware\arc32\1.0.5\variants\arduino_101\libarc32drv_arduino101.a(log.o)
 .debug_abbrev  0x00002312       0xe6 C:\Users\Dingyang\AppData\Local\arduino15\packages\Intel\hardware\arc32\1.0.5\variants\arduino_101\libarc32drv_arduino101.a(log_impl_printk.o)
 .debug_abbrev  0x000023f8      0x36d C:\Users\Dingyang\AppData\Local\arduino15\packages\Intel\hardware\arc32\1.0.5\variants\arduino_101\libarc32drv_arduino101.a(port.o)
 .debug_abbrev  0x00002765       0x7f C:\Users\Dingyang\AppData\Local\arduino15\packages\Intel\hardware\arc32\1.0.5\variants\arduino_101\libarc32drv_arduino101.a(uptime.o)
 .debug_abbrev  0x000027e4      0x1c1 C:\Users\Dingyang\AppData\Local\arduino15\packages\Intel\hardware\arc32\1.0.5\variants\arduino_101\libarc32drv_arduino101.a(list.o)
 .debug_abbrev  0x000029a5      0x2af C:\Users\Dingyang\AppData\Local\arduino15\packages\Intel\hardware\arc32\1.0.5\variants\arduino_101\libarc32drv_arduino101.a(os.o)
 .debug_abbrev  0x00002c54       0x14 C:\Users\Dingyang\AppData\Local\arduino15\packages\Intel\hardware\arc32\1.0.5\variants\arduino_101\libarc32drv_arduino101.a(init.o)
 .debug_abbrev  0x00002c68       0x14 c:/users/dingyang/appdata/local/arduino15/packages/intel/tools/arc-elf32/1.6.4+1.0/bin/../lib/gcc/arc-elf32/4.8.3\libgcc.a(_udivsi3.o)
 .debug_abbrev  0x00002c7c       0x14 c:/users/dingyang/appdata/local/arduino15/packages/intel/tools/arc-elf32/1.6.4+1.0/bin/../lib/gcc/arc-elf32/4.8.3\libgcc.a(_umodsi3.o)
 .debug_abbrev  0x00002c90       0x14 c:/users/dingyang/appdata/local/arduino15/packages/intel/tools/arc-elf32/1.6.4+1.0/bin/../lib/gcc/arc-elf32/4.8.3\libgcc.a(_divmod_tools.o)
 .debug_abbrev  0x00002ca4       0x14 c:/users/dingyang/appdata/local/arduino15/packages/intel/tools/arc-elf32/1.6.4+1.0/bin/../lib/gcc/arc-elf32/4.8.3\libgcc.a(_millicodethunk_st.o)
 .debug_abbrev  0x00002cb8       0x14 c:/users/dingyang/appdata/local/arduino15/packages/intel/tools/arc-elf32/1.6.4+1.0/bin/../lib/gcc/arc-elf32/4.8.3\libgcc.a(_millicodethunk_ld.o)
 .debug_abbrev  0x00002ccc       0x14 c:/users/dingyang/appdata/local/arduino15/packages/intel/tools/arc-elf32/1.6.4+1.0/bin/../lib/gcc/arc-elf32/4.8.3\libgcc.a(_millicodethunk_ret.o)
 .debug_abbrev  0x00002ce0      0x3a6 C:\Users\Dingyang\AppData\Local\V.Micro\Arduino\Builds\servo_arm\Intel_intel_arc32_arduino_101\servo_arm.cpp.o
 .debug_abbrev  0x00003086      0x2ac C:\Users\Dingyang\AppData\Local\V.Micro\Arduino\Builds\servo_arm\Intel_intel_arc32_arduino_101\CurieEEPROM\CurieEEPROM.cpp.o
 .debug_abbrev  0x00003332      0x36e C:\Users\Dingyang\AppData\Local\V.Micro\Arduino\Builds\servo_arm\Intel_intel_arc32_arduino_101\Servo\Servo.cpp.o
 .debug_abbrev  0x000036a0      0x1eb C:\Users\Dingyang\AppData\Local\V.Micro\Arduino\Builds\servo_arm\Intel_intel_arc32_arduino_101/core.a(WInterrupts.c.o)
 .debug_abbrev  0x0000388b      0x1e0 C:\Users\Dingyang\AppData\Local\V.Micro\Arduino\Builds\servo_arm\Intel_intel_arc32_arduino_101/core.a(wiring.c.o)
 .debug_abbrev  0x00003a6b      0x235 C:\Users\Dingyang\AppData\Local\V.Micro\Arduino\Builds\servo_arm\Intel_intel_arc32_arduino_101/core.a(wiring_analog.c.o)
 .debug_abbrev  0x00003ca0      0x1a6 C:\Users\Dingyang\AppData\Local\V.Micro\Arduino\Builds\servo_arm\Intel_intel_arc32_arduino_101/core.a(wiring_digital.c.o)
 .debug_abbrev  0x00003e46      0x482 C:\Users\Dingyang\AppData\Local\V.Micro\Arduino\Builds\servo_arm\Intel_intel_arc32_arduino_101/core.a(CDCSerialClass.cpp.o)
 .debug_abbrev  0x000042c8       0xfb C:\Users\Dingyang\AppData\Local\V.Micro\Arduino\Builds\servo_arm\Intel_intel_arc32_arduino_101/core.a(main.cpp.o)
 .debug_abbrev  0x000043c3      0x4cc C:\Users\Dingyang\AppData\Local\V.Micro\Arduino\Builds\servo_arm\Intel_intel_arc32_arduino_101/core.a(Print.cpp.o)
 .debug_abbrev  0x0000488f      0x141 C:\Users\Dingyang\AppData\Local\V.Micro\Arduino\Builds\servo_arm\Intel_intel_arc32_arduino_101/core.a(WMath.cpp.o)
 .debug_abbrev  0x000049d0      0x39f C:\Users\Dingyang\AppData\Local\V.Micro\Arduino\Builds\servo_arm\Intel_intel_arc32_arduino_101/core.a(variant.cpp.o)